--------- beginning of system
03-05 15:35:15.577  1862  3717 I ActivityManager: START u0 {act=android.intent.action.VIEW dat=http://10.130.6.62:8888/... flg=0x10000000 cmp=com.android.chrome/com.google.android.apps.chrome.Main} from uid 2000
--------- beginning of main
03-05 15:35:15.614 15143 15143 E cr_IntentUtils: getInt failed on bundle null
03-05 15:35:15.651 20970 20970 E /system/bin/webview_zygote32: failed to make and chown /acct/uid_99123: Permission denied
03-05 15:35:15.651 20970 20970 E Zygote  : createProcessGroup(99123, 0) failed: Permission denied
03-05 15:35:15.652  1862  2389 I ActivityManager: Start proc 20970:com.android.chrome:sandboxed_process3/u0i123 for webview_service com.android.chrome/org.chromium.content.app.SandboxedProcessService3
03-05 15:35:15.666 20970 20970 W /system/bin/webview_zygote32: Using default instruction set features for ARM CPU variant (cortex-a9) using conservative defaults
03-05 15:35:15.672 15143 15143 W cr_SpanAutocomplete: Did not notify - ignored.
03-05 15:35:15.682 20970 20970 I SamplingProfilerIntegration: Profiling disabled.
03-05 15:35:15.695 20983 20983 E asset   : setgid: Operation not permitted
03-05 15:35:15.718 20985 20985 E asset   : setgid: Operation not permitted
03-05 15:35:15.744 20970 20970 E asset   : AssetManager::addSystemOverlays delete oidmap
03-05 15:35:15.748 20970 20970 E asset   : AssetManager::addSystemOverlays delete oidmap
03-05 15:35:15.822   825   944 W HWComposer: Ignoring duplicate VSYNC event from HWC (t=39433019600000)
03-05 15:35:15.894 20970 20970 E Typeface: Error mapping font file /system/fonts/LGAka_Light.ttf
03-05 15:35:15.894 20970 20970 E Minikin : Could not get cmap table size!
03-05 15:35:15.894 20970 20970 E Typeface: Unable to load Family: lg-lgaka:null
03-05 15:35:15.894 20970 20970 I HyLog   : I : FontManager creation successful.
03-05 15:35:15.896 20970 20970 I HyLog   : I : Add Embedded Font Family( default_roboto ), FullPath( /system/fonts/Roboto-Regular.ttf )
03-05 15:35:15.896 20970 20970 I Typeface: Add Embedded Font (0) : default_roboto, /system/fonts/Roboto-Regular.ttf loaded.
03-05 15:35:15.898 20970 20970 I HyLog   : I : Add Embedded Font Family( lgsm ), FullPath( /system/fonts/LGSmHa_Regular.ttf )
03-05 15:35:15.898 20970 20970 I Typeface: Add Embedded Font (1) : lgsm, /system/fonts/LGSmHa_Regular.ttf loaded.
03-05 15:35:15.899 20970 20970 I HyLog   : I : Add Embedded Font Family( lgkindgothic ), FullPath( /system/fonts/HYKindGothic_Regular.ttf )
03-05 15:35:15.899 20970 20970 I Typeface: Add Embedded Font (2) : lgkindgothic, /system/fonts/HYKindGothic_Regular.ttf loaded.
03-05 15:35:15.901 20970 20970 I HyLog   : I : Add Embedded Font Family( lgfriend ), FullPath( /system/fonts/HYFriend_Regular.ttf )
03-05 15:35:15.901 20970 20970 I Typeface: Add Embedded Font (3) : lgfriend, /system/fonts/HYFriend_Regular.ttf loaded.
03-05 15:35:15.902 20970 20970 I HyLog   : I : Add Embedded Font Family( lgtravel ), FullPath( /system/fonts/HYTravel_Regular.ttf )
03-05 15:35:15.902 20970 20970 I Typeface: Add Embedded Font (4) : lgtravel, /system/fonts/HYTravel_Regular.ttf loaded.
03-05 15:35:15.904 20970 20970 I HyLog   : I : Add Embedded Font Family( lgyoyo ), FullPath( /system/fonts/HYYoyo_Regular.ttf )
03-05 15:35:15.904 20970 20970 I Typeface: Add Embedded Font (5) : lgyoyo, /system/fonts/HYYoyo_Regular.ttf loaded.
03-05 15:35:15.904 20970 20970 I Typeface: Boot DefaultTypeface ( default_roboto )
03-05 15:35:15.914 20970 20970 I cr_ChildProcessService: Creating new ChildProcessService pid=20970
03-05 15:35:15.920 20970 20970 E WebViewFactory: can't load with relro file; address space not reserved
03-05 15:35:15.940  1862  2339 E WifiWatchdogStateMachine: Unhandled message { when=-1ms what=135178 target=com.android.internal.util.StateMachine$SmHandler } in state LinkMonitoringState
03-05 15:35:15.965 20970 20988 I cr_LibraryLoader: Time to load native libraries: 1 ms (timestamps 3120-3121)
03-05 15:35:15.967 20970 20988 I chromium: [INFO:library_loader_hooks.cc(36)] Chromium logging enabled: level = 0, default verbosity = 0
03-05 15:35:15.967 20970 20988 I cr_LibraryLoader: Expected native library version number "71.0.3578.99", actual native library version number "71.0.3578.99"
03-05 15:35:16.920  2403  2403 I NetworkController.WifiSignalController: Change in state to: connected=true,enabled=true,level=2,inetCondition=1,iconGroup=IconGroup(Default Wi-Fi Icons),activityIn=false,activityOut=true,rssi=-56,lteadvancedmode=0,ssid="ICT_WaveLAN",badgeEnum=0,isTransient=false,isGigaWiFi=false,isAttWifiCall=false,detailedState=CONNECTED
03-05 15:35:17.406 14749 20820 W Auth    : [GetToken] Failed to get com.google accounts with features [Ljava.lang.String;@4d4d4b3
03-05 15:35:17.406 14749 20820 W Auth    : android.accounts.OperationCanceledException
03-05 15:35:17.406 14749 20820 W Auth    : 	at android.accounts.AccountManager$Future2Task.internalGetResult(AccountManager.java:2502)
03-05 15:35:17.406 14749 20820 W Auth    : 	at android.accounts.AccountManager$Future2Task.getResult(AccountManager.java:2514)
03-05 15:35:17.406 14749 20820 W Auth    : 	at gth.a(:com.google.android.gms@14799019@14.7.99 (040400-223214910):215)
03-05 15:35:17.406 14749 20820 W Auth    : 	at dqo.a(:com.google.android.gms@14799019@14.7.99 (040400-223214910):4)
03-05 15:35:17.406 14749 20820 W Auth    : 	at yfy.a(:com.google.android.gms@14799019@14.7.99 (040400-223214910):5)
03-05 15:35:17.406 14749 20820 W Auth    : 	at cpz.onTransact(:com.google.android.gms@14799019@14.7.99 (040400-223214910):4)
03-05 15:35:17.406 14749 20820 W Auth    : 	at android.os.Binder.transact(Binder.java:608)
03-05 15:35:17.406 14749 20820 W Auth    : 	at dsw.onTransact(:com.google.android.gms@14799019@14.7.99 (040400-223214910):3)
03-05 15:35:17.406 14749 20820 W Auth    : 	at android.os.Binder.execTransact(Binder.java:690)
03-05 15:35:17.406 14749 20820 W Auth    : 	at android.os.BinderProxy.transactNative(Native Method)
03-05 15:35:17.406 14749 20820 W Auth    : 	at android.os.BinderProxy.transact(Binder.java:766)
03-05 15:35:17.406 14749 20820 W Auth    : 	at cpy.a(:com.google.android.gms@14799019@14.7.99 (040400-223214910):2)
03-05 15:35:17.406 14749 20820 W Auth    : 	at bqd.a(Unknown Source:8)
03-05 15:35:17.406 14749 20820 W Auth    : 	at abyw.a(:com.google.android.gms@14799019@14.7.99 (040400-223214910):6)
03-05 15:35:17.406 14749 20820 W Auth    : 	at abyg.b(:com.google.android.gms@14799019@14.7.99 (040400-223214910):6)
03-05 15:35:17.406 14749 20820 W Auth    : 	at abyg.a(Unknown Source:0)
03-05 15:35:17.406 14749 20820 W Auth    : 	at abyp.call(:com.google.android.gms@14799019@14.7.99 (040400-223214910):2)
03-05 15:35:17.406 14749 20820 W Auth    : 	at java.util.concurrent.FutureTask.run(FutureTask.java:266)
03-05 15:35:17.406 14749 20820 W Auth    : 	at rab.run(:com.google.android.gms@14799019@14.7.99 (040400-223214910):21)
03-05 15:35:17.406 14749 20820 W Auth    : 	at java.util.concurrent.ThreadPoolExecutor.runWorker(ThreadPoolExecutor.java:1162)
03-05 15:35:17.406 14749 20820 W Auth    : 	at java.util.concurrent.ThreadPoolExecutor$Worker.run(ThreadPoolExecutor.java:636)
03-05 15:35:17.406 14749 20820 W Auth    : 	at rgd.run(Unknown Source:7)
03-05 15:35:17.406 14749 20820 W Auth    : 	at java.lang.Thread.run(Thread.java:764)
03-05 15:35:17.410 15784 18149 W Auth    : [GoogleAuthUtil] GoogleAuthUtil
03-05 15:35:17.744   825   944 W HWComposer: Ignoring duplicate VSYNC event from HWC (t=39434942120000)
03-05 15:35:18.146   825   944 W HWComposer: Ignoring duplicate VSYNC event from HWC (t=39435343704000)
03-05 15:35:18.547   825   944 W HWComposer: Ignoring duplicate VSYNC event from HWC (t=39435744929000)
03-05 15:35:18.925  2403  2403 I NetworkController.WifiSignalController: Change in state to: connected=true,enabled=true,level=2,inetCondition=1,iconGroup=IconGroup(Default Wi-Fi Icons),activityIn=true,activityOut=true,rssi=-56,lteadvancedmode=0,ssid="ICT_WaveLAN",badgeEnum=0,isTransient=false,isGigaWiFi=false,isAttWifiCall=false,detailedState=CONNECTED
03-05 15:35:18.948   825   944 W HWComposer: Ignoring duplicate VSYNC event from HWC (t=39436145863000)
03-05 15:35:19.075 16658 20956 W YouTube : Could not register for notifications with InnerTube: 
03-05 15:35:19.075 16658 20956 W YouTube : yob: java.util.concurrent.ExecutionException: bit: awzq: Exception in CronetUrlRequest: net::ERR_QUIC_PROTOCOL_ERROR, ErrorCode=10, InternalErrorCode=-356, Retryable=false, QuicDetailedErrorCode=25
03-05 15:35:19.075 16658 20956 W YouTube : 	at ynr.b(SourceFile:20)
03-05 15:35:19.075 16658 20956 W YouTube : 	at adno.d(SourceFile:125)
03-05 15:35:19.075 16658 20956 W YouTube : 	at adnp.run(SourceFile:4)
03-05 15:35:19.075 16658 20956 W YouTube : 	at java.util.concurrent.Executors$RunnableAdapter.call(Executors.java:457)
03-05 15:35:19.075 16658 20956 W YouTube : 	at java.util.concurrent.FutureTask.run(FutureTask.java:266)
03-05 15:35:19.075 16658 20956 W YouTube : 	at java.util.concurrent.ScheduledThreadPoolExecutor$ScheduledFutureTask.run(ScheduledThreadPoolExecutor.java:301)
03-05 15:35:19.075 16658 20956 W YouTube : 	at java.util.concurrent.ThreadPoolExecutor.runWorker(ThreadPoolExecutor.java:1162)
03-05 15:35:19.075 16658 20956 W YouTube : 	at java.util.concurrent.ThreadPoolExecutor$Worker.run(ThreadPoolExecutor.java:636)
03-05 15:35:19.075 16658 20956 W YouTube : 	at vcy.run(SourceFile:12)
03-05 15:35:19.075 16658 20956 W YouTube : 	at java.lang.Thread.run(Thread.java:764)
03-05 15:35:19.075 16658 20956 W YouTube : Caused by: java.util.concurrent.ExecutionException: bit: awzq: Exception in CronetUrlRequest: net::ERR_QUIC_PROTOCOL_ERROR, ErrorCode=10, InternalErrorCode=-356, Retryable=false, QuicDetailedErrorCode=25
03-05 15:35:19.075 16658 20956 W YouTube : 	at ancz.b(SourceFile:105)
03-05 15:35:19.075 16658 20956 W YouTube : 	at ancz.get(SourceFile:92)
03-05 15:35:19.075 16658 20956 W YouTube : 	at ynr.b(SourceFile:19)
03-05 15:35:19.075 16658 20956 W YouTube : 	... 9 more
03-05 15:35:19.075 16658 20956 W YouTube : Caused by: bit: awzq: Exception in CronetUrlRequest: net::ERR_QUIC_PROTOCOL_ERROR, ErrorCode=10, InternalErrorCode=-356, Retryable=false, QuicDetailedErrorCode=25
03-05 15:35:19.075 16658 20956 W YouTube : 	at vnk.a(SourceFile:171)
03-05 15:35:19.075 16658 20956 W YouTube : 	at vml.run(Unknown Source:2)
03-05 15:35:19.075 16658 20956 W YouTube : 	... 4 more
03-05 15:35:19.075 16658 20956 W YouTube : Caused by: awzq: Exception in CronetUrlRequest: net::ERR_QUIC_PROTOCOL_ERROR, ErrorCode=10, InternalErrorCode=-356, Retryable=false, QuicDetailedErrorCode=25
03-05 15:35:19.075 16658 20956 W YouTube : 	at org.chromium.net.impl.CronetUrlRequest.onError(SourceFile:177)
03-05 15:35:19.149   825   944 W HWComposer: Ignoring duplicate VSYNC event from HWC (t=39436346491000)
03-05 15:35:19.751   825   944 W HWComposer: Ignoring duplicate VSYNC event from HWC (t=39436948642000)
03-05 15:35:19.927  2403  2403 I NetworkController.WifiSignalController: Change in state to: connected=true,enabled=true,level=2,inetCondition=1,iconGroup=IconGroup(Default Wi-Fi Icons),activityIn=false,activityOut=true,rssi=-56,lteadvancedmode=0,ssid="ICT_WaveLAN",badgeEnum=0,isTransient=false,isGigaWiFi=false,isAttWifiCall=false,detailedState=CONNECTED
