--------- beginning of system
--------- beginning of main
03-05 15:35:42.050  1862  3717 I ActivityManager: START u0 {act=android.intent.action.VIEW dat=http://10.130.6.62:8888/... flg=0x10000000 cmp=com.android.chrome/com.google.android.apps.chrome.Main} from uid 2000
03-05 15:35:42.064  2403  2403 I LowBatteryModeManager: onDisplayChanged: changed to false
03-05 15:35:42.086  1862  2207 I InputReader: Reconfiguring input devices.  changes=0x00000004
03-05 15:35:42.112 10054 15138 I PartnerBrowserCustomizationProvider: PartnerBookmarkReader: uri = content://com.android.partnerbrowsercustomizations/disableincognitomode
03-05 15:35:42.118 10054 15138 I PartnerBrowserCustomizationProvider: PartnerBookmarkReader: uri = content://com.android.partnerbrowsercustomizations/disablebookmarksediting
03-05 15:35:42.120 10054 15138 I PartnerBrowserCustomizationProvider: If disableEdit set to 1, Bookmarks are not editable, disableEdit :0
03-05 15:35:42.126 10054 15138 I PartnerBrowserCustomizationProvider: PartnerBookmarkReader: uri = content://com.android.partnerbrowsercustomizations/homepage
03-05 15:35:42.126 10054 15138 I PARTNER_PARSER: Profile name :browser_config
03-05 15:35:42.126 10054 15138 I PARTNER_PARSER: Try to search [browser_config] and id is [2130903043]
03-05 15:35:42.126 10054 15138 I PARTNER_PARSER: no matched profile
03-05 15:35:42.126 10054 15138 I PARTNER_PARSER: Try to search [bookmark_foldername_config] and id is [2130903042]
03-05 15:35:42.126 10054 15138 I PARTNER_PARSER: Duration of Profile parsing = 0
03-05 15:35:42.127 10054 15138 I PARTNER_PARSER: Try to search [browser_config_open_eu] and id is [2130903044]
03-05 15:35:42.127 10054 15138 I PARTNER_PARSER: no matched profile
03-05 15:35:42.127 10054 15138 I PARTNER_PARSER: Try to search [bookmark_foldername_config] and id is [2130903042]
03-05 15:35:42.127 10054 15138 I PARTNER_PARSER: Duration of Profile parsing = 0
03-05 15:35:42.127 10054 15138 I PARTNER_PARSER: use default Profile
03-05 15:35:42.134 10054 15138 I PARTNER_PARSER: homepage is https://www.google.com/webhp?client=ms-android-lge-rev1&source=android-home
03-05 15:35:42.134 10054 15138 I PartnerBrowserCustomizationProvider: homepage set from getOperator : OPEN
03-05 15:35:42.134 10054 15138 I PARTNER_SimInfo: isMultiSimEnabled = true
03-05 15:35:42.154 10054 15138 E PARTNER_SimInfo: it does not exist mcc and mnc
03-05 15:35:42.157 10054 15138 I PARTNER_PARSER: Profile name :browser_config
03-05 15:35:42.158 10054 15138 I PARTNER_PARSER: Try to search [browser_config] and id is [2130903043]
03-05 15:35:42.158 10054 15138 I PARTNER_PARSER: no matched profile
03-05 15:35:42.158 10054 15138 I PARTNER_PARSER: Try to search [bookmark_foldername_config] and id is [2130903042]
03-05 15:35:42.158 10054 15138 I PARTNER_PARSER: Duration of Profile parsing = 0
03-05 15:35:42.158 10054 15138 I PARTNER_PARSER: Try to search [browser_config_open_eu] and id is [2130903044]
03-05 15:35:42.158 10054 15138 I PARTNER_PARSER: no matched profile
03-05 15:35:42.158 10054 15138 I PARTNER_PARSER: Try to search [bookmark_foldername_config] and id is [2130903042]
03-05 15:35:42.158 10054 15138 I PARTNER_PARSER: Duration of Profile parsing = 0
03-05 15:35:42.158 10054 15138 I PARTNER_PARSER: use default Profile
03-05 15:35:42.164 10054 15138 I PARTNER_PARSER: homepage is https://www.google.com/webhp?client=ms-android-lge-rev1&source=android-home
03-05 15:35:42.164 10054 15138 I PartnerBrowserCustomizationProvider: homepage read from PRI xml
03-05 15:35:42.164 10054 15138 I PARTNER_PARSER: clientId is android-lge-rev1, isRevenueShareApplied = true
03-05 15:35:42.164 10054 15138 I PartnerBrowserCustomizationProvider: RevenueShare Homepage : https://www.google.com/webhp?client=ms-android-lge-rev1&source=android-home
03-05 15:35:42.164 10054 15138 I PartnerBrowserCustomizationProvider: readHomeUrlFromAutoProfile : https://www.google.com/webhp?client=ms-android-lge-rev1&source=android-home
03-05 15:35:42.164 10054 15138 I PartnerBrowserCustomizationProvider: getBrowserHomepage node https://www.google.com/webhp?client=ms-android-lge-rev1&source=android-home
03-05 15:35:42.182 15143 15143 I Timeline: Timeline: Activity_idle id: android.os.BinderProxy@939a9c4 time:39459380
03-05 15:35:42.198 15784 15784 I Finsky  : [2] com.google.android.finsky.scheduler.al.handleMessage(162): State changed. 
03-05 15:35:42.198 15784 15784 I Finsky  : 	Old State: DeviceState{currentTime=1551771311326, isCharging=true, isIdle=false, netAny=false, netNotRoaming=false, netUnmetered=false}
03-05 15:35:42.198 15784 15784 I Finsky  : 	New State: DeviceState{currentTime=1551771342193, isCharging=true, isIdle=true, netAny=false, netNotRoaming=false, netUnmetered=false}
03-05 15:35:42.201 15784 21236 I Finsky  : [1124] com.google.android.finsky.scheduler.bp.b(89): Jobs in database: 1-1337 16-16161616 26-1414141414 
03-05 15:35:42.201 15784 15784 I Finsky  : [2] com.google.android.finsky.scheduler.ag.a(105): RunningQueue size: 1, PendingQueue size: 1
03-05 15:35:42.201 15784 15784 I Finsky  : [2] com.google.android.finsky.scheduler.ag.a(116): Running queue: 1-1337 
03-05 15:35:42.862  1862  2733 W OverlayMagnifierAdapter: keyguard showing? true
03-05 15:35:42.863  2693  3066 I VoicePrintService: [LGVoicePrintService] keyguard callback (isKeyguardVisible=true, trustAgentEnabled=true)
03-05 15:35:42.864  2693  3066 I FaceGlanceService: [svc] keyguard callback (isKeyguardVisible=true, trustAgentEnabled=true, isScreenOn=true)
03-05 15:35:42.867  2403  2403 I zygote  : Looking for service vendor.lge.hardware.touch@1.0::ITouch/default
03-05 15:35:42.872  2403  2403 I zygote  : Starting thread pool.
03-05 15:35:42.902  2403  2403 I quilt lockscreen LockScreenRenderer: isNotch = true, isFullVision = true, padding = 94
03-05 15:35:42.904  2403  2403 I quilt GLESSurfaceView: Q3D Engine Version : 1.00.06
03-05 15:35:42.911  1862  3717 W WallpaperManagerService: restorecon() of crop file(getWallpaper): true
03-05 15:35:42.913 15143 15143 W cr_Autocomplete: stopping autocomplete.
03-05 15:35:42.914  2403  2403 I EffectBridgeImpl: effect background image = android.graphics.drawable.BitmapDrawable@b40f691
03-05 15:35:42.937  2403  2403 W Settings: Setting airplane_mode_on has moved from android.provider.Settings.System to android.provider.Settings.Global, returning read-only value.
03-05 15:35:42.938  2403  2403 W Settings: Setting airplane_mode_on has moved from android.provider.Settings.System to android.provider.Settings.Global, returning read-only value.
03-05 15:35:42.939  2403  2403 W Settings: Setting airplane_mode_on has moved from android.provider.Settings.System to android.provider.Settings.Global, returning read-only value.
03-05 15:35:42.941  2403  2546 E KeyguardModel: package:  not found!
03-05 15:35:42.941  2403  2546 E KeyguardModel: package:  not found!
03-05 15:35:42.941  2403  2546 E KeyguardModel: package:  not found!
03-05 15:35:42.943  2403  2546 I KeyguardModel: isCameraDisabledByDpm, disabledCamera : false
03-05 15:35:42.954  2403  2403 W Settings: Setting airplane_mode_on has moved from android.provider.Settings.System to android.provider.Settings.Global, returning read-only value.
03-05 15:35:42.955  2403  2403 W Settings: Setting airplane_mode_on has moved from android.provider.Settings.System to android.provider.Settings.Global, returning read-only value.
03-05 15:35:42.955  2403  2403 W Settings: Setting airplane_mode_on has moved from android.provider.Settings.System to android.provider.Settings.Global, returning read-only value.
03-05 15:35:42.955  1862  3612 W ActivityManager: Sending non-protected broadcast com.lge.systemservice.core.cliptray.HIDE_CLIPTRAY from system 2403:com.android.systemui/u0a152 pkg com.android.systemui
03-05 15:35:42.956  1862  3612 W ActivityManager: Sending non-protected broadcast com.lge.systemservice.core.cliptray.HIDE_CLIPTRAY from system 2403:com.android.systemui/u0a152 pkg com.android.systemui
03-05 15:35:42.957  2693  2693 I Cliptray Service: cliptrayEventReceiver :onReceivecom.lge.systemservice.core.cliptray.HIDE_CLIPTRAY
03-05 15:35:42.957  2403  2403 I NavigationThemeResource: NavigationKey Color is changed(BLACK -> WHITE_WITH_BORDER)
03-05 15:35:42.957  2403  2403 I NavigationThemeResource:  BarMode=4, Theme=WHITE, LightBackground=true (NOT Transparent)
03-05 15:35:42.957  2403  2403 I NavigationThemeResource: , Keyguard show=true, IME shown=false, Bar vertical=false, Panel expanded=false
03-05 15:35:42.957  2403  2403 I LockDragLayerEffect: LockDragLayerEffect.reset!
03-05 15:35:42.961  2403  2403 W PreviewInflater: inflatePreview, info is null
03-05 15:35:42.964  2403  2403 I StatusBar: updateMediaMetaData(false): mMediaMetadata = null
03-05 15:35:42.964  2403  2403 I EffectBridgeImpl: effect background image = android.graphics.drawable.BitmapDrawable@b40f691
03-05 15:35:42.966  2403  2403 I OperatorTextView: animateHide() : animate = false, mState = EMPTY
03-05 15:35:42.966  2403  2403 I NotificationPanelView: expand animate : false, mTracking : false
03-05 15:35:42.967  2403  2403 I LGBrightnessController: registerCallbacks
03-05 15:35:42.967  2403  2403 I VolumeSlider: registerCallbacks
03-05 15:35:42.972  2693  3066 E VoicePrintService: [svc] isGrantTrusted... false true
03-05 15:35:42.972  1862  3717 I PowerManagerServiceEx: Register HLModeCallback android.os.IHLModeCallback$Stub$Proxy@61f775d / package = SystemUI
03-05 15:35:42.972  1862  3717 I PowerManagerServiceEx: onHLModeChangedCallback state = false
03-05 15:35:42.972  1862  2389 I PowerManagerServiceEx: Register BoostStateCallback android.os.IBoostStateCallback$Stub$Proxy@b258d2 / package = SystemUI
03-05 15:35:42.972  1862  2389 I PowerManagerServiceEx: onBoostStateChangedCallback state = 1
03-05 15:35:42.972  1862  2389 I AutomaticBrightnessControllerEx: onBoostStateChangedCallback mIsBoostMode:false mWasBoostMode:false
03-05 15:35:42.972  2403  2431 I LGBrightnessController: onHLModeChangedCallback: changed to false
03-05 15:35:42.973  2403 11876 I LGBrightnessController: onBoostStateChangedCallback: changed to 1, boostMode=false
03-05 15:35:42.973  2403  2923 I LowBatteryModeManager: onBoostStateChangedCallback: changed to 1, mBoostMode=false
03-05 15:35:42.981  1862  2389 W ActivityManager: Unable to start service Intent { act=com.nttdocomo.android.screenlockservice.IScreenLockService pkg=com.nttdocomo.android.screenlockservice } U=0: not found
03-05 15:35:42.981  2403  2403 W StatusBarKeyguardViewManager: StatusBarKeyguardViewManager.show() : can't connect IScreenLockService
03-05 15:35:42.981  1862  2389 I SystemUI[Framework]: ==> disableLocked() userId=0, what=0x1200000, token=android.os.BinderProxy@5ec057, pkg=com.android.systemui, whichFlag=1, bar=com.android.internal.statusbar.IStatusBar$Stub$Proxy@aa1d184
03-05 15:35:42.981  1862  2389 I SystemUI[Framework]: StatusBar disabled: mDisabled1=0x1200000 mDisabled2=0x0
03-05 15:35:42.981  1862  2389 I SystemUI[Framework]:   mDisableRecords.size=1
03-05 15:35:42.981  1862  2389 I SystemUI[Framework]:   [0] userId=0 what1=0x1200000 what2=0x0 pkg=com.android.systemui token=android.os.BinderProxy@5ec057
03-05 15:35:42.982  1862  2389 I SystemUI[Framework]: ==>disabledNaviBtnLocked() userId=0, what=0x70006, token=android.os.BinderProxy@13c9744,  pkg=com.android.systemui
03-05 15:35:42.982  1862  2389 I SystemUI[Framework]: disableNaviBtn: mDisabledNaviBtn=0x70006,  mDisableRecords.size=1
03-05 15:35:42.982  1862  2389 I SystemUI[Framework]:   [0] userId=0, what=0x70006, pkg=com.android.systemui, token=android.os.BinderProxy@13c9744
03-05 15:35:42.985  2403  2403 I chatty  : uid=10152(u0_a152) com.android.systemui identical 2 lines
03-05 15:35:42.986  1862  2389 W WindowManager: [updateSystemBarsFlagsIfNeeded] SettingNotFoundException: mirrorlink_state
03-05 15:35:42.989  1332  1428 I PowerRM : System FW:0 IC:0 SO:1 GT:0 CAPP:-1 APP:0
03-05 15:35:42.989  1332  1428 E PowerRM : found 42, mode set to 0
03-05 15:35:42.989  1332  1428 I PowerRM : System FW:1 IC:0 SO:1 GT:0 CAPP:-1 APP:0
03-05 15:35:42.989  1332  1428 E PowerRM : found 42, mode set to 0
03-05 15:35:42.989  1332  1428 I PowerRM : FIA lock1 locked
03-05 15:35:43.078  2403  2403 I chatty  : uid=10152(u0_a152) com.android.systemui identical 3 lines
03-05 15:35:43.080  2403  2403 I LGBrightnessController: adjustActualBrightness actualBrightness : 134 ,control level : 134
03-05 15:35:43.085  1862  3717 W WindowManager: [updateSystemBarsFlagsIfNeeded] SettingNotFoundException: mirrorlink_state
03-05 15:35:43.099  1862  3717 W WindowManager: [updateSystemBarsFlagsIfNeeded] SettingNotFoundException: mirrorlink_state
03-05 15:35:43.933  1862  2389 I PowerManagerServiceEx: There was partial awake event during sleep state. ignore request for napping..
03-05 15:35:43.933  1862  2389 I PowerManagerServiceEx: Going to sleep from partial awake (uid 1000)...
03-05 15:35:43.939  1862  2389 I AOD     : [onDisplayStateChangedCallback] mainLcd= false  extLcd= false
03-05 15:35:43.940  1862  2389 I PowerManagerService: Going to sleep due to screen timeout (uid 1000)...
03-05 15:35:43.940  1862  2389 I PowerManagerServiceEx: Skip send dozing state to notifier
03-05 15:35:43.947  1862  1934 I PowerManagerService: Sleeping (uid 1000)...
03-05 15:35:43.947  1862  1934 W DisplayPowerControllerEx: updatePowerState() : mPowerRequest.policy = 100, mRequestPolicy = 0, mPowerState.getColorFadeLevel() = 0.0, mPowerState.getScreenState() = 3, mPowerState.getScreenBrightness() = 144, mPendingUpdatePowerState = false, mIsFinishDrawBasicInfo = false
03-05 15:35:43.948  1862  1934 I DisplayPowerControllerEx: setScreenState : set interactive (main,sub) to (false,false)
03-05 15:35:43.950  1862  1930 I DisplayManagerService: Display device changed state: "Built-in Screen", DOZE_SUSPEND
03-05 15:35:43.954   758  1238 I SDM     : DisplayBase::SetDisplayState: Set state = 3, display 0
03-05 15:35:43.961  1331  1370 I GBMv2   : PS:0
03-05 15:35:43.961  1862  2349 I DisplayPowerControllerEx: [aod/alc] lux = 114.0, final brightness = 75
03-05 15:35:43.967  1862  2349 I DisplayPowerControllerEx: Target value same as current brightness
03-05 15:35:43.968  1862  1934 W DisplayPowerControllerEx: updatePowerState() : mPowerRequest.policy = 0, mRequestPolicy = 0, mPowerState.getColorFadeLevel() = 0.0, mPowerState.getScreenState() = 4, mPowerState.getScreenBrightness() = 144, mPendingUpdatePowerState = false, mIsFinishDrawBasicInfo = false
03-05 15:35:43.968  1862  1934 I DisplayPowerControllerEx: setScreenState : set interactive (main,sub) to (false,false)
03-05 15:35:43.975  1862  2207 I InputReader: Reconfiguring input devices.  changes=0x00000004
03-05 15:35:43.979  2403  2403 I LowBatteryModeManager: onDisplayChanged: changed to false
03-05 15:35:43.988   825   825 E SurfaceFlinger: prepareFrame for display 0 failed: -2147483648 (Unknown error -2147483648)
03-05 15:35:43.988   825   825 E HWComposer: presentAndGetReleaseFences: failed for display 0: NotValidated (7)
03-05 15:35:44.003   825   825 E SurfaceFlinger: prepareFrame for display 0 failed: -2147483648 (Unknown error -2147483648)
03-05 15:35:44.004   825   825 E HWComposer: presentAndGetReleaseFences: failed for display 0: NotValidated (7)
03-05 15:35:44.050   825   944 W HWComposer: Ignoring duplicate VSYNC event from HWC (t=39461248206000)
03-05 15:35:44.083   825   944 W HWComposer: Ignoring duplicate VSYNC event from HWC (t=39461281026000)
03-05 15:35:44.116   825   944 W HWComposer: Ignoring duplicate VSYNC event from HWC (t=39461314065000)
03-05 15:35:44.156   825   944 W HWComposer: Ignoring duplicate VSYNC event from HWC (t=39461351232000)
03-05 15:35:44.869  2702  2847 W QCNEJ   : |CORE| notifyWifiStatusChanged failed
03-05 15:35:44.870  2403  2631 I NetworkController: onReceive: intent=Intent { act=android.net.wifi.RSSI_CHANGED flg=0x4000010 (has extras) }
03-05 15:35:44.871  2403  2631 I LGWifiStatusTracker: Wifi connected = true, Wifi level = 2
03-05 15:35:44.871  2403  2631 I NetworkController.WifiSignalController: mCurrentState.enabled = true, mCurrentState.connected = true, mCurrentState.detailedState = CONNECTED, mCurrentState.inetCondition = 1
03-05 15:35:44.871  2403  2631 I NetworkController.WifiSignalController: Change in state to: connected=true,enabled=true,level=2,inetCondition=1,iconGroup=IconGroup(Default Wi-Fi Icons),activityIn=true,activityOut=true,rssi=-62,lteadvancedmode=0,ssid="ICT_WaveLAN",badgeEnum=0,isTransient=false,isGigaWiFi=false,isAttWifiCall=false,detailedState=CONNECTED
03-05 15:35:44.879  5196  5262 I CarrierServices: [202] bxx.a: FiST: Wifi connectivity status true
03-05 15:35:44.881  5196  5262 I CarrierServices: [202] byc.d: Connected state: [1], networkType: [WIFI]
03-05 15:35:44.883  5196  5356 I CarrierServices: [223] dby.a: CarrierServices.apk is not sim call manager. Not enabling MMTel.
03-05 15:35:44.883  5196  5356 I CarrierServices: [223] bdq.run: (MMTel): : Ignoring Network Change based on IMS preferences
03-05 15:35:46.657  3753  5795 W Conscrypt: Could not set socket write timeout: java.net.SocketException: Socket closed
03-05 15:35:46.658  3753  5795 W Conscrypt: 	at com.google.android.gms.org.conscrypt.Platform.setSocketWriteTimeout(:com.google.android.gms@14799019@14.7.99 (040400-223214910):2)
03-05 15:35:46.658  3753  5795 W Conscrypt: 	at com.google.android.gms.org.conscrypt.ConscryptFileDescriptorSocket.setSoWriteTimeout(:com.google.android.gms@14799019@14.7.99 (040400-223214910):2)
