--------- beginning of main
--------- beginning of system
03-05 15:39:32.218  1862  3716 I ActivityManager: START u0 {act=android.intent.action.VIEW dat=http://10.130.6.62:8888/... flg=0x10000000 cmp=com.android.chrome/com.google.android.apps.chrome.Main} from uid 2000
03-05 15:39:32.224  1332  1428 I PowerRM : System FW:1 IC:0 SO:0 GT:0 CAPP:-1 APP:0
03-05 15:39:32.224  1332  1428 E PowerRM : found 42, mode set to 0
03-05 15:39:32.224  1332  1428 I PowerRM : FIA lock1 locked
03-05 15:39:32.225  1862  3716 I chatty  : uid=1000(system) Binder:1862_18 identical 1 line
03-05 15:39:32.226  1332 22193 I Thermal-Lib: Thermal-Lib-Client: Client request sent
03-05 15:39:32.226  1324  1492 I ThermalEngine: Thermal-Server: Thermal received msg from  tmr
03-05 15:39:32.226  1324  1492 I TMR     : C0.0
03-05 15:39:32.226  1324  1492 E TMR     : acquire_thermal_recovery: rsrc=0, target_freq=1766400
03-05 15:39:32.226  1324  1492 I TMR     : C1.0
03-05 15:39:32.226  1324  1492 E TMR     : acquire_thermal_recovery: rsrc=1, target_freq=2803200
03-05 15:39:32.228  3783  3783 I [LGHome6]LauncherCallbacksImpl: Launcher.onPause // 7.0.33(70003300) this:com.lge.launcher3.LauncherExtension$LauncherCallbacksImpl@6e8823f
03-05 15:39:32.242 15143 15143 E cr_IntentUtils: getInt failed on bundle null
03-05 15:39:32.254  1862  1931 W ProcessCpuTracker: Skipping unknown process pid 22188
03-05 15:39:32.254  1862  1931 W ProcessCpuTracker: Skipping unknown process pid 22190
03-05 15:39:32.254  1862  1931 W ProcessCpuTracker: Skipping unknown process pid 22191
03-05 15:39:32.262 22196 22196 E /system/bin/webview_zygote32: failed to make and chown /acct/uid_99132: Permission denied
03-05 15:39:32.262 22196 22196 E Zygote  : createProcessGroup(99132, 0) failed: Permission denied
03-05 15:39:32.263  1862  2776 I ActivityManager: Start proc 22196:com.android.chrome:sandboxed_process22/u0i132 for webview_service com.android.chrome/org.chromium.content.app.SandboxedProcessService22
03-05 15:39:32.269 22196 22196 W /system/bin/webview_zygote32: Using default instruction set features for ARM CPU variant (cortex-a9) using conservative defaults
03-05 15:39:32.270 15143 15143 W cr_SpanAutocomplete: Did not notify - ignored.
03-05 15:39:32.279 10054 15138 I PartnerBrowserCustomizationProvider: PartnerBookmarkReader: uri = content://com.android.partnerbrowsercustomizations/disableincognitomode
03-05 15:39:32.280 22196 22196 I SamplingProfilerIntegration: Profiling disabled.
03-05 15:39:32.280 10054 15138 I PartnerBrowserCustomizationProvider: PartnerBookmarkReader: uri = content://com.android.partnerbrowsercustomizations/disablebookmarksediting
03-05 15:39:32.280 10054 15138 I PartnerBrowserCustomizationProvider: If disableEdit set to 1, Bookmarks are not editable, disableEdit :0
03-05 15:39:32.283 10054 15138 I PartnerBrowserCustomizationProvider: PartnerBookmarkReader: uri = content://com.android.partnerbrowsercustomizations/homepage
03-05 15:39:32.284 10054 15138 I PARTNER_PARSER: Profile name :browser_config
03-05 15:39:32.284 10054 15138 I PARTNER_PARSER: Try to search [browser_config] and id is [2130903043]
03-05 15:39:32.284 10054 15138 I PARTNER_PARSER: no matched profile
03-05 15:39:32.284 10054 15138 I PARTNER_PARSER: Try to search [bookmark_foldername_config] and id is [2130903042]
03-05 15:39:32.284 10054 15138 I PARTNER_PARSER: Duration of Profile parsing = 0
03-05 15:39:32.285 10054 15138 I PARTNER_PARSER: Try to search [browser_config_open_eu] and id is [2130903044]
03-05 15:39:32.285 10054 15138 I PARTNER_PARSER: no matched profile
03-05 15:39:32.285 10054 15138 I PARTNER_PARSER: Try to search [bookmark_foldername_config] and id is [2130903042]
03-05 15:39:32.285 10054 15138 I PARTNER_PARSER: Duration of Profile parsing = 0
03-05 15:39:32.285 10054 15138 I PARTNER_PARSER: use default Profile
03-05 15:39:32.289 10054 15138 I PARTNER_PARSER: homepage is https://www.google.com/webhp?client=ms-android-lge-rev1&source=android-home
03-05 15:39:32.289 10054 15138 I PartnerBrowserCustomizationProvider: homepage set from getOperator : OPEN
03-05 15:39:32.289  2403  2403 I NavigationThemeResource: notify navigation bar color(0xffffffff)
03-05 15:39:32.290  2403  2403 I NavigationThemeResource: NavigationKey Color is changed(WHITE_WITH_BORDER -> BLACK)
03-05 15:39:32.290  2403  2403 I NavigationThemeResource:  BarMode=4, Theme=WHITE, LightBackground=true (NOT Transparent)
03-05 15:39:32.290  2403  2403 I NavigationThemeResource: , Keyguard show=false, IME shown=false, Bar vertical=false, Panel expanded=false
03-05 15:39:32.290 10054 15138 I PARTNER_SimInfo: isMultiSimEnabled = true
03-05 15:39:32.290 22209 22209 E asset   : setgid: Operation not permitted
03-05 15:39:32.291  1332  1428 I PowerRM : System FW:1 IC:0 SO:0 GT:0 CAPP:-1 APP:0
03-05 15:39:32.291  1332  1428 E PowerRM : found 42, mode set to 0
03-05 15:39:32.291  1332  1428 I PowerRM : System FW:1 IC:0 SO:0 GT:0 CAPP:-1 APP:8
03-05 15:39:32.291  1332  1428 E PowerRM : found 42, mode set to 0
03-05 15:39:32.291  1332  1428 I PowerRM : System FW:0 IC:0 SO:0 GT:0 CAPP:-1 APP:8
03-05 15:39:32.291  1332  1428 I PowerRM : FIA lock1 unlocked
03-05 15:39:32.291  1332  1430 I PowerRM : Grant Setting Acceptor[3] Grant[1]
03-05 15:39:32.302 10054 15138 E PARTNER_SimInfo: it does not exist mcc and mnc
03-05 15:39:32.305 10054 15138 I PARTNER_PARSER: Profile name :browser_config
03-05 15:39:32.306 10054 15138 I PARTNER_PARSER: Try to search [browser_config] and id is [2130903043]
03-05 15:39:32.306 10054 15138 I PARTNER_PARSER: no matched profile
03-05 15:39:32.306 10054 15138 I PARTNER_PARSER: Try to search [bookmark_foldername_config] and id is [2130903042]
03-05 15:39:32.306 10054 15138 I PARTNER_PARSER: Duration of Profile parsing = 0
03-05 15:39:32.306 10054 15138 I PARTNER_PARSER: Try to search [browser_config_open_eu] and id is [2130903044]
03-05 15:39:32.306 10054 15138 I PARTNER_PARSER: no matched profile
03-05 15:39:32.306 10054 15138 I PARTNER_PARSER: Try to search [bookmark_foldername_config] and id is [2130903042]
03-05 15:39:32.306 10054 15138 I PARTNER_PARSER: Duration of Profile parsing = 0
03-05 15:39:32.306 10054 15138 I PARTNER_PARSER: use default Profile
03-05 15:39:32.310 10054 15138 I PARTNER_PARSER: homepage is https://www.google.com/webhp?client=ms-android-lge-rev1&source=android-home
03-05 15:39:32.310 10054 15138 I PartnerBrowserCustomizationProvider: homepage read from PRI xml
03-05 15:39:32.310 10054 15138 I PARTNER_PARSER: clientId is android-lge-rev1, isRevenueShareApplied = true
03-05 15:39:32.310 10054 15138 I PartnerBrowserCustomizationProvider: RevenueShare Homepage : https://www.google.com/webhp?client=ms-android-lge-rev1&source=android-home
03-05 15:39:32.310 10054 15138 I PartnerBrowserCustomizationProvider: readHomeUrlFromAutoProfile : https://www.google.com/webhp?client=ms-android-lge-rev1&source=android-home
03-05 15:39:32.310 10054 15138 I PartnerBrowserCustomizationProvider: getBrowserHomepage node https://www.google.com/webhp?client=ms-android-lge-rev1&source=android-home
03-05 15:39:32.310 22211 22211 E asset   : setgid: Operation not permitted
03-05 15:39:32.317 15143 15143 I Timeline: Timeline: Activity_idle id: android.os.BinderProxy@939a9c4 time:39689515
03-05 15:39:32.319   825  1652 E SurfaceFlinger: Permission Denial: can't openGlobalTransaction pid=15143, uid<=10205
03-05 15:39:32.319 15143 15143 E BpSurfaceComposerClient: Failed to transact (-1)
03-05 15:39:32.320   825   959 E SurfaceFlinger: Permission Denial: can't openGlobalTransaction pid=15143, uid<=10205
03-05 15:39:32.320 15143 15143 E BpSurfaceComposerClient: Failed to transact (-1)
03-05 15:39:32.330 22196 22196 E asset   : AssetManager::addSystemOverlays delete oidmap
03-05 15:39:32.330  3686 19720 I PBSessionCacheImpl: Deleted sessionId[16212750876390187] from persistence.
03-05 15:39:32.332  3686  3899 W SearchServiceCore: Abort, client detached.
03-05 15:39:32.333 22196 22196 E asset   : AssetManager::addSystemOverlays delete oidmap
03-05 15:39:32.345  2403  2923 I SystemServicesProxy: RecentApps has 8 item(s).
03-05 15:39:32.430  2403  2403 I LGPowerUI: onReceive = android.intent.action.BATTERY_CHANGED
03-05 15:39:32.430  2403  2403 I LGPowerUI: level = 100, plugType = 2, plugged = true, charging = false, temperature = 342, chargingCurrent = 0, factoryCableItem = 0, isFastCharging = false, batteryID = 1
03-05 15:39:32.431  2403  2403 I LowBatteryModeManager: applyCmrMode() enabled: false batteryLevel: 100
03-05 15:39:32.431  1862  2776 I DisplayPowerControllerEx: requested BacklightDimming target[-1]
03-05 15:39:32.431  2403  2403 I LowBatteryModeManager: setCmrMode(false)
03-05 15:39:32.431  2881  2881 W MainApplication: onReceive intent : Intent { act=android.intent.action.BATTERY_CHANGED flg=0x60000010 (has extras) }
03-05 15:39:32.432  2403  2631 I AbsQuickSettingsHandlerBase: Got action android.intent.action.BATTERY_CHANGED for BATTERY_SAVER
03-05 15:39:32.450 22196 22196 E Typeface: Error mapping font file /system/fonts/LGAka_Light.ttf
03-05 15:39:32.450 22196 22196 E Minikin : Could not get cmap table size!
03-05 15:39:32.450 22196 22196 E Typeface: Unable to load Family: lg-lgaka:null
03-05 15:39:32.450 22196 22196 I HyLog   : I : FontManager creation successful.
03-05 15:39:32.453 22196 22196 I HyLog   : I : Add Embedded Font Family( default_roboto ), FullPath( /system/fonts/Roboto-Regular.ttf )
03-05 15:39:32.453 22196 22196 I Typeface: Add Embedded Font (0) : default_roboto, /system/fonts/Roboto-Regular.ttf loaded.
03-05 15:39:32.454 22196 22196 I HyLog   : I : Add Embedded Font Family( lgsm ), FullPath( /system/fonts/LGSmHa_Regular.ttf )
03-05 15:39:32.455 22196 22196 I Typeface: Add Embedded Font (1) : lgsm, /system/fonts/LGSmHa_Regular.ttf loaded.
03-05 15:39:32.456 22196 22196 I HyLog   : I : Add Embedded Font Family( lgkindgothic ), FullPath( /system/fonts/HYKindGothic_Regular.ttf )
03-05 15:39:32.456 22196 22196 I Typeface: Add Embedded Font (2) : lgkindgothic, /system/fonts/HYKindGothic_Regular.ttf loaded.
03-05 15:39:32.458 22196 22196 I HyLog   : I : Add Embedded Font Family( lgfriend ), FullPath( /system/fonts/HYFriend_Regular.ttf )
03-05 15:39:32.458 22196 22196 I Typeface: Add Embedded Font (3) : lgfriend, /system/fonts/HYFriend_Regular.ttf loaded.
03-05 15:39:32.459 22196 22196 I HyLog   : I : Add Embedded Font Family( lgtravel ), FullPath( /system/fonts/HYTravel_Regular.ttf )
03-05 15:39:32.459 22196 22196 I Typeface: Add Embedded Font (4) : lgtravel, /system/fonts/HYTravel_Regular.ttf loaded.
03-05 15:39:32.461 22196 22196 I HyLog   : I : Add Embedded Font Family( lgyoyo ), FullPath( /system/fonts/HYYoyo_Regular.ttf )
03-05 15:39:32.461 22196 22196 I Typeface: Add Embedded Font (5) : lgyoyo, /system/fonts/HYYoyo_Regular.ttf loaded.
03-05 15:39:32.461 22196 22196 I Typeface: Boot DefaultTypeface ( default_roboto )
03-05 15:39:32.472 22196 22196 I cr_ChildProcessService: Creating new ChildProcessService pid=22196
03-05 15:39:32.476 22196 22196 E WebViewFactory: can't load with relro file; address space not reserved
03-05 15:39:32.487 22196 22216 I cr_LibraryLoader: Time to load native libraries: 1 ms (timestamps 9674-9675)
03-05 15:39:32.488 22196 22216 I chromium: [INFO:library_loader_hooks.cc(36)] Chromium logging enabled: level = 0, default verbosity = 0
03-05 15:39:32.488 22196 22216 I cr_LibraryLoader: Expected native library version number "71.0.3578.99", actual native library version number "71.0.3578.99"
03-05 15:39:32.516  1479  1479 E MSM-irqbalance: IRQ 82 not found in internal structure or should be ignored
03-05 15:39:32.710  3783  3783 I [LGHome6]EditModeOffManager: EditModeOffManager is not running
03-05 15:39:32.821   810   943 E ANDR-PERF-OPTSHANDLER: perf_lock_rel: updated /sys/class/scsi_host/host0/../../../clkscale_enable with 1
03-05 15:39:32.821   810   943 E ANDR-PERF-OPTSHANDLER:  return value 2
03-05 15:39:33.073  3686 19721 I EventLogSendingHelper: Sending log events.
03-05 15:39:33.084  1331  1372 I GBMv2   : GBM state [6]
03-05 15:39:33.084  1331  1372 E GBMv2   : FPS Scaler: EXP
03-05 15:39:33.819   825   944 W HWComposer: Ignoring duplicate VSYNC event from HWC (t=39691016712000)
03-05 15:39:34.305  1324  1492 I ThermalEngine: Thermal-Server: Thermal received msg from  tmr
03-05 15:39:34.305  1324  1492 I TMR     : C0.10
03-05 15:39:34.306  1324  1492 E TMR     : release_thermal_recovery: tmr_state[0]->stored_freq=-1, tmr_state[0]->current_freq=-1
03-05 15:39:34.306  1324  1492 I TMR     : C1.10
03-05 15:39:34.306  1324  1492 E TMR     : release_thermal_recovery: tmr_state[1]->stored_freq=-1, tmr_state[1]->current_freq=-1
03-05 15:39:34.307  1332 22237 I Thermal-Lib: Thermal-Lib-Client: Client request sent
03-05 15:39:34.822   825   944 W HWComposer: Ignoring duplicate VSYNC event from HWC (t=39692019366000)
03-05 15:39:37.028   825   944 W HWComposer: Ignoring duplicate VSYNC event from HWC (t=39694225144000)
