--------- beginning of main
--------- beginning of system
03-05 15:34:59.556  1862  2733 I chatty  : uid=1000(system) Binder:1862_7 identical 1 line
03-05 15:34:59.638  1862  2733 I ActivityManager: START u0 {act=android.intent.action.VIEW dat=http://10.130.6.62:8888/... flg=0x10000000 cmp=com.android.chrome/com.google.android.apps.chrome.Main} from uid 2000
03-05 15:34:59.653  2403  2403 I LowBatteryModeManager: onDisplayChanged: changed to false
03-05 15:34:59.665  1862  2207 I InputReader: Reconfiguring input devices.  changes=0x00000004
03-05 15:34:59.694 15784 15784 I Finsky  : [2] com.google.android.finsky.scheduler.al.handleMessage(162): State changed. 
03-05 15:34:59.694 15784 15784 I Finsky  : 	Old State: DeviceState{currentTime=1551771227189, isCharging=true, isIdle=false, netAny=false, netNotRoaming=false, netUnmetered=false}
03-05 15:34:59.694 15784 15784 I Finsky  : 	New State: DeviceState{currentTime=1551771299681, isCharging=true, isIdle=true, netAny=false, netNotRoaming=false, netUnmetered=false}
03-05 15:34:59.697 10054 10859 I PartnerBrowserCustomizationProvider: PartnerBookmarkReader: uri = content://com.android.partnerbrowsercustomizations/disableincognitomode
03-05 15:34:59.699 15784 20817 I Finsky  : [1123] com.google.android.finsky.scheduler.bp.b(89): Jobs in database: 1-1337 16-16161616 26-1414141414 
03-05 15:34:59.700 10054 10859 I PartnerBrowserCustomizationProvider: PartnerBookmarkReader: uri = content://com.android.partnerbrowsercustomizations/disablebookmarksediting
03-05 15:34:59.700 15784 15784 I Finsky  : [2] com.google.android.finsky.scheduler.ag.a(105): RunningQueue size: 1, PendingQueue size: 1
03-05 15:34:59.700 15784 15784 I Finsky  : [2] com.google.android.finsky.scheduler.ag.a(116): Running queue: 1-1337 
03-05 15:34:59.700 10054 10859 I PartnerBrowserCustomizationProvider: If disableEdit set to 1, Bookmarks are not editable, disableEdit :0
03-05 15:34:59.706 10054 15138 I PartnerBrowserCustomizationProvider: PartnerBookmarkReader: uri = content://com.android.partnerbrowsercustomizations/homepage
03-05 15:34:59.707 10054 15138 I PARTNER_PARSER: Profile name :browser_config
03-05 15:34:59.707 10054 15138 I PARTNER_PARSER: Try to search [browser_config] and id is [2130903043]
03-05 15:34:59.707 10054 15138 I PARTNER_PARSER: no matched profile
03-05 15:34:59.707 10054 15138 I PARTNER_PARSER: Try to search [bookmark_foldername_config] and id is [2130903042]
03-05 15:34:59.707 10054 15138 I PARTNER_PARSER: Duration of Profile parsing = 0
03-05 15:34:59.709 10054 15138 I PARTNER_PARSER: Try to search [browser_config_open_eu] and id is [2130903044]
03-05 15:34:59.709 10054 15138 I PARTNER_PARSER: no matched profile
03-05 15:34:59.710 10054 15138 I PARTNER_PARSER: Try to search [bookmark_foldername_config] and id is [2130903042]
03-05 15:34:59.710 10054 15138 I PARTNER_PARSER: Duration of Profile parsing = 2
03-05 15:34:59.710 10054 15138 I PARTNER_PARSER: use default Profile
03-05 15:34:59.721 10054 15138 I PARTNER_PARSER: homepage is https://www.google.com/webhp?client=ms-android-lge-rev1&source=android-home
03-05 15:34:59.721 10054 15138 I PartnerBrowserCustomizationProvider: homepage set from getOperator : OPEN
03-05 15:34:59.722 10054 15138 I PARTNER_SimInfo: isMultiSimEnabled = true
03-05 15:34:59.738 10054 15138 E PARTNER_SimInfo: it does not exist mcc and mnc
03-05 15:34:59.742 10054 15138 I PARTNER_PARSER: Profile name :browser_config
03-05 15:34:59.742 10054 15138 I PARTNER_PARSER: Try to search [browser_config] and id is [2130903043]
03-05 15:34:59.742 10054 15138 I PARTNER_PARSER: no matched profile
03-05 15:34:59.743 10054 15138 I PARTNER_PARSER: Try to search [bookmark_foldername_config] and id is [2130903042]
03-05 15:34:59.743 10054 15138 I PARTNER_PARSER: Duration of Profile parsing = 0
03-05 15:34:59.744 10054 15138 I PARTNER_PARSER: Try to search [browser_config_open_eu] and id is [2130903044]
03-05 15:34:59.745 10054 15138 I PARTNER_PARSER: no matched profile
03-05 15:34:59.745 10054 15138 I PARTNER_PARSER: Try to search [bookmark_foldername_config] and id is [2130903042]
03-05 15:34:59.745 10054 15138 I PARTNER_PARSER: Duration of Profile parsing = 1
03-05 15:34:59.745 10054 15138 I PARTNER_PARSER: use default Profile
03-05 15:34:59.754 10054 15138 I PARTNER_PARSER: homepage is https://www.google.com/webhp?client=ms-android-lge-rev1&source=android-home
03-05 15:34:59.754 10054 15138 I PartnerBrowserCustomizationProvider: homepage read from PRI xml
03-05 15:34:59.755 10054 15138 I PARTNER_PARSER: clientId is android-lge-rev1, isRevenueShareApplied = true
03-05 15:34:59.755 10054 15138 I PartnerBrowserCustomizationProvider: RevenueShare Homepage : https://www.google.com/webhp?client=ms-android-lge-rev1&source=android-home
03-05 15:34:59.755 10054 15138 I PartnerBrowserCustomizationProvider: readHomeUrlFromAutoProfile : https://www.google.com/webhp?client=ms-android-lge-rev1&source=android-home
03-05 15:34:59.755 10054 15138 I PartnerBrowserCustomizationProvider: getBrowserHomepage node https://www.google.com/webhp?client=ms-android-lge-rev1&source=android-home
03-05 15:34:59.788 15143 15143 I Timeline: Timeline: Activity_idle id: android.os.BinderProxy@939a9c4 time:39416986
03-05 15:34:59.951  1862  2791 I chatty  : uid=1000(system) Binder:1862_B identical 1 line
03-05 15:35:00.005  1862  2189 W ActivityManager: Sending non-protected broadcast com.lge.signboard.intent.ACTION_TIME_TICK from system uid 1000 pkg com.lge.signboard
03-05 15:35:00.008  2403  2948 I LgeClockWidgetControlView: time changed, timezoneChanged : false
03-05 15:35:00.016  2403  2948 I Clock   : onReceive = android.intent.action.TIME_TICK
03-05 15:35:00.020  2403  2948 I Clock   : onReceive = android.intent.action.TIME_TICK
03-05 15:35:00.023  2403  2403 I LgeClockWidgetControlView: handleTimeUpdate , 15:35
03-05 15:35:00.139  1862  2733 W PowerManagerServiceEx: start wakeUpForExtendedDisplay
03-05 15:35:00.139  1862  2733 W PowerManagerServiceEx: ignore partial wakeup request because already awake state
03-05 15:35:00.177  3753 20357 I Icing   : Indexing com.android.chrome-omnibox from com.android.chrome
03-05 15:35:00.225  3753 20357 I Icing   : Indexing done com.android.chrome-omnibox
03-05 15:35:00.335  2702  2847 W QCNEJ   : |CORE| notifyWifiStatusChanged failed
03-05 15:35:00.336  2403  2631 I NetworkController: onReceive: intent=Intent { act=android.net.wifi.RSSI_CHANGED flg=0x4000010 (has extras) }
03-05 15:35:00.336  2403  2631 I LGWifiStatusTracker: Wifi connected = true, Wifi level = 3
03-05 15:35:00.336  2403  2631 I NetworkController.WifiSignalController: mCurrentState.enabled = true, mCurrentState.connected = true, mCurrentState.detailedState = CONNECTED, mCurrentState.inetCondition = 1
03-05 15:35:00.336  2403  2631 I NetworkController.WifiSignalController: Change in state to: connected=true,enabled=true,level=3,inetCondition=1,iconGroup=IconGroup(Default Wi-Fi Icons),activityIn=false,activityOut=true,rssi=-55,lteadvancedmode=0,ssid="ICT_WaveLAN",badgeEnum=0,isTransient=false,isGigaWiFi=false,isAttWifiCall=false,detailedState=CONNECTED
03-05 15:35:00.346  5196  5262 I CarrierServices: [202] bxx.a: FiST: Wifi connectivity status true
03-05 15:35:00.348  5196  5262 I CarrierServices: [202] byc.d: Connected state: [1], networkType: [WIFI]
03-05 15:35:00.351  5196  5356 I CarrierServices: [223] dby.a: CarrierServices.apk is not sim call manager. Not enabling MMTel.
03-05 15:35:00.352  5196  5356 I CarrierServices: [223] bdq.run: (MMTel): : Ignoring Network Change based on IMS preferences
03-05 15:35:00.369  1862  2776 W OverlayMagnifierAdapter: keyguard showing? true
03-05 15:35:00.369  2693 17409 I VoicePrintService: [LGVoicePrintService] keyguard callback (isKeyguardVisible=true, trustAgentEnabled=true)
03-05 15:35:00.370  2693 17409 I FaceGlanceService: [svc] keyguard callback (isKeyguardVisible=true, trustAgentEnabled=true, isScreenOn=true)
03-05 15:35:00.374  2403  2403 I zygote  : Looking for service vendor.lge.hardware.touch@1.0::ITouch/default
03-05 15:35:00.377  2403  2403 I zygote  : Starting thread pool.
03-05 15:35:00.405  2403  2403 I quilt lockscreen LockScreenRenderer: isNotch = true, isFullVision = true, padding = 94
03-05 15:35:00.406  2403  2403 I quilt GLESSurfaceView: Q3D Engine Version : 1.00.06
03-05 15:35:00.409  1862  3673 W WallpaperManagerService: restorecon() of crop file(getWallpaper): true
03-05 15:35:00.411  2403  2403 I EffectBridgeImpl: effect background image = android.graphics.drawable.BitmapDrawable@b40f691
03-05 15:35:00.425 15143 15143 W cr_Autocomplete: stopping autocomplete.
03-05 15:35:00.436  2403  2403 W Settings: Setting airplane_mode_on has moved from android.provider.Settings.System to android.provider.Settings.Global, returning read-only value.
03-05 15:35:00.436  2403  2403 W Settings: Setting airplane_mode_on has moved from android.provider.Settings.System to android.provider.Settings.Global, returning read-only value.
03-05 15:35:00.437  2403  2403 W Settings: Setting airplane_mode_on has moved from android.provider.Settings.System to android.provider.Settings.Global, returning read-only value.
03-05 15:35:00.443  2403  2546 E KeyguardModel: package:  not found!
03-05 15:35:00.443  2403  2546 E KeyguardModel: package:  not found!
03-05 15:35:00.443  2403  2546 E KeyguardModel: package:  not found!
03-05 15:35:00.445  2403  2546 I KeyguardModel: isCameraDisabledByDpm, disabledCamera : false
03-05 15:35:00.453  2403  2403 W Settings: Setting airplane_mode_on has moved from android.provider.Settings.System to android.provider.Settings.Global, returning read-only value.
03-05 15:35:00.454  2403  2403 W Settings: Setting airplane_mode_on has moved from android.provider.Settings.System to android.provider.Settings.Global, returning read-only value.
03-05 15:35:00.454  2403  2403 W Settings: Setting airplane_mode_on has moved from android.provider.Settings.System to android.provider.Settings.Global, returning read-only value.
03-05 15:35:00.454  1862  3673 W ActivityManager: Sending non-protected broadcast com.lge.systemservice.core.cliptray.HIDE_CLIPTRAY from system 2403:com.android.systemui/u0a152 pkg com.android.systemui
03-05 15:35:00.454  1862  3673 W ActivityManager: Sending non-protected broadcast com.lge.systemservice.core.cliptray.HIDE_CLIPTRAY from system 2403:com.android.systemui/u0a152 pkg com.android.systemui
03-05 15:35:00.456  2403  2403 I NavigationThemeResource: NavigationKey Color is changed(BLACK -> WHITE_WITH_BORDER)
03-05 15:35:00.456  2403  2403 I NavigationThemeResource:  BarMode=4, Theme=WHITE, LightBackground=true (NOT Transparent)
03-05 15:35:00.456  2403  2403 I NavigationThemeResource: , Keyguard show=true, IME shown=false, Bar vertical=false, Panel expanded=false
03-05 15:35:00.456  2403  2403 I LockDragLayerEffect: LockDragLayerEffect.reset!
03-05 15:35:00.456  2693  2693 I Cliptray Service: cliptrayEventReceiver :onReceivecom.lge.systemservice.core.cliptray.HIDE_CLIPTRAY
03-05 15:35:00.460  2403  2403 W PreviewInflater: inflatePreview, info is null
03-05 15:35:00.463  2403  2403 I StatusBar: updateMediaMetaData(false): mMediaMetadata = null
03-05 15:35:00.463  2403  2403 I EffectBridgeImpl: effect background image = android.graphics.drawable.BitmapDrawable@b40f691
03-05 15:35:00.466  2403  2403 I OperatorTextView: animateHide() : animate = false, mState = EMPTY
03-05 15:35:00.466  2403  2403 I NotificationPanelView: expand animate : false, mTracking : false
03-05 15:35:00.467  2403  2403 I LGBrightnessController: registerCallbacks
03-05 15:35:00.467  2403  2403 I VolumeSlider: registerCallbacks
03-05 15:35:00.470  2693 17409 E VoicePrintService: [svc] isGrantTrusted... false true
03-05 15:35:00.472  1862  2776 I PowerManagerServiceEx: Register HLModeCallback android.os.IHLModeCallback$Stub$Proxy@58f277b / package = SystemUI
03-05 15:35:00.472  1862  2776 I PowerManagerServiceEx: onHLModeChangedCallback state = false
03-05 15:35:00.472  2403  3020 I LGBrightnessController: onHLModeChangedCallback: changed to false
03-05 15:35:00.472  1862  3673 I PowerManagerServiceEx: Register BoostStateCallback android.os.IBoostStateCallback$Stub$Proxy@b2945f1 / package = SystemUI
03-05 15:35:00.473  1862  3673 I PowerManagerServiceEx: onBoostStateChangedCallback state = 1
03-05 15:35:00.473  1862  3673 I AutomaticBrightnessControllerEx: onBoostStateChangedCallback mIsBoostMode:false mWasBoostMode:false
03-05 15:35:00.473  2403  9430 I LowBatteryModeManager: onBoostStateChangedCallback: changed to 1, mBoostMode=false
03-05 15:35:00.473  2403  3020 I LGBrightnessController: onBoostStateChangedCallback: changed to 1, boostMode=false
03-05 15:35:00.476  1862  3673 W ActivityManager: Unable to start service Intent { act=com.nttdocomo.android.screenlockservice.IScreenLockService pkg=com.nttdocomo.android.screenlockservice } U=0: not found
03-05 15:35:00.476  2403  2403 W StatusBarKeyguardViewManager: StatusBarKeyguardViewManager.show() : can't connect IScreenLockService
03-05 15:35:00.477  1862  3673 I SystemUI[Framework]: ==> disableLocked() userId=0, what=0x1200000, token=android.os.BinderProxy@5ec057, pkg=com.android.systemui, whichFlag=1, bar=com.android.internal.statusbar.IStatusBar$Stub$Proxy@aa1d184
03-05 15:35:00.477  1862  3673 I SystemUI[Framework]: StatusBar disabled: mDisabled1=0x1200000 mDisabled2=0x0
03-05 15:35:00.477  1862  3673 I SystemUI[Framework]:   mDisableRecords.size=1
03-05 15:35:00.477  1862  3673 I SystemUI[Framework]:   [0] userId=0 what1=0x1200000 what2=0x0 pkg=com.android.systemui token=android.os.BinderProxy@5ec057
03-05 15:35:00.477  1862  3673 I SystemUI[Framework]: ==>disabledNaviBtnLocked() userId=0, what=0x70006, token=android.os.BinderProxy@13c9744,  pkg=com.android.systemui
03-05 15:35:00.477  1862  3673 I SystemUI[Framework]: disableNaviBtn: mDisabledNaviBtn=0x70006,  mDisableRecords.size=1
03-05 15:35:00.477  1862  3673 I SystemUI[Framework]:   [0] userId=0, what=0x70006, pkg=com.android.systemui, token=android.os.BinderProxy@13c9744
03-05 15:35:00.480  2403  2403 I chatty  : uid=10152(u0_a152) com.android.systemui identical 2 lines
03-05 15:35:00.481  1862  3673 W WindowManager: [updateSystemBarsFlagsIfNeeded] SettingNotFoundException: mirrorlink_state
03-05 15:35:00.484  1332  1428 I PowerRM : System FW:0 IC:0 SO:1 GT:0 CAPP:-1 APP:0
03-05 15:35:00.484  1332  1428 E PowerRM : found 42, mode set to 0
03-05 15:35:00.484  1332  1428 I PowerRM : System FW:1 IC:0 SO:1 GT:0 CAPP:-1 APP:0
03-05 15:35:00.484  1332  1428 E PowerRM : found 42, mode set to 0
03-05 15:35:00.484  1332  1428 I PowerRM : FIA lock1 locked
03-05 15:35:00.638  2403  2403 I chatty  : uid=10152(u0_a152) com.android.systemui identical 3 lines
03-05 15:35:00.642  2403  2403 I LGBrightnessController: adjustActualBrightness actualBrightness : 134 ,control level : 134
03-05 15:35:00.649  1862  2818 W WindowManager: [updateSystemBarsFlagsIfNeeded] SettingNotFoundException: mirrorlink_state
03-05 15:35:00.679  1862  2818 W WindowManager: [updateSystemBarsFlagsIfNeeded] SettingNotFoundException: mirrorlink_state
03-05 15:35:01.447  1862  3673 I PowerManagerServiceEx: There was partial awake event during sleep state. ignore request for napping..
03-05 15:35:01.447  1862  3673 I PowerManagerServiceEx: Going to sleep from partial awake (uid 1000)...
03-05 15:35:01.462  1862  3673 I AOD     : [onDisplayStateChangedCallback] mainLcd= false  extLcd= false
03-05 15:35:01.463  1862  3673 I PowerManagerService: Going to sleep due to screen timeout (uid 1000)...
03-05 15:35:01.463  1862  3673 I PowerManagerServiceEx: Skip send dozing state to notifier
03-05 15:35:01.474  1862  1934 I PowerManagerService: Sleeping (uid 1000)...
03-05 15:35:01.475  1862  1934 W DisplayPowerControllerEx: updatePowerState() : mPowerRequest.policy = 100, mRequestPolicy = 0, mPowerState.getColorFadeLevel() = 0.0, mPowerState.getScreenState() = 3, mPowerState.getScreenBrightness() = 144, mPendingUpdatePowerState = false, mIsFinishDrawBasicInfo = false
03-05 15:35:01.476  1862  1934 I DisplayPowerControllerEx: setScreenState : set interactive (main,sub) to (false,false)
03-05 15:35:01.478  1862  1930 I DisplayManagerService: Display device changed state: "Built-in Screen", DOZE_SUSPEND
03-05 15:35:01.480   758   758 I SDM     : DisplayBase::SetDisplayState: Set state = 3, display 0
03-05 15:35:01.484  2403  2403 I LowBatteryModeManager: onDisplayChanged: changed to false
03-05 15:35:01.487  1331  1370 I GBMv2   : PS:0
03-05 15:35:01.488  1862  2349 I DisplayPowerControllerEx: [aod/alc] lux = 117.0, final brightness = 75
03-05 15:35:01.494  1862  2349 I DisplayPowerControllerEx: Target value same as current brightness
03-05 15:35:01.494  1862  1934 W DisplayPowerControllerEx: updatePowerState() : mPowerRequest.policy = 0, mRequestPolicy = 0, mPowerState.getColorFadeLevel() = 0.0, mPowerState.getScreenState() = 4, mPowerState.getScreenBrightness() = 144, mPendingUpdatePowerState = false, mIsFinishDrawBasicInfo = false
03-05 15:35:01.494  1862  1934 I DisplayPowerControllerEx: setScreenState : set interactive (main,sub) to (false,false)
03-05 15:35:01.502   825   825 E SurfaceFlinger: prepareFrame for display 0 failed: -2147483648 (Unknown error -2147483648)
03-05 15:35:01.503   825   825 E HWComposer: presentAndGetReleaseFences: failed for display 0: NotValidated (7)
03-05 15:35:01.508  1862  2207 I InputReader: Reconfiguring input devices.  changes=0x00000004
03-05 15:35:01.537   825   825 E SurfaceFlinger: prepareFrame for display 0 failed: -2147483648 (Unknown error -2147483648)
03-05 15:35:01.537   825   825 E HWComposer: presentAndGetReleaseFences: failed for display 0: NotValidated (7)
03-05 15:35:01.569   825   825 E SurfaceFlinger: prepareFrame for display 0 failed: -2147483648 (Unknown error -2147483648)
03-05 15:35:01.569   825   825 E HWComposer: presentAndGetReleaseFences: failed for display 0: NotValidated (7)
03-05 15:35:02.343  2702  2847 W QCNEJ   : |CORE| notifyWifiStatusChanged failed
03-05 15:35:02.344  2403  2631 I NetworkController: onReceive: intent=Intent { act=android.net.wifi.RSSI_CHANGED flg=0x4000010 (has extras) }
03-05 15:35:02.344  2403  2631 I LGWifiStatusTracker: Wifi connected = true, Wifi level = 2
03-05 15:35:02.344  2403  2631 I NetworkController.WifiSignalController: mCurrentState.enabled = true, mCurrentState.connected = true, mCurrentState.detailedState = CONNECTED, mCurrentState.inetCondition = 1
03-05 15:35:02.344  2403  2631 I NetworkController.WifiSignalController: Change in state to: connected=true,enabled=true,level=2,inetCondition=1,iconGroup=IconGroup(Default Wi-Fi Icons),activityIn=false,activityOut=true,rssi=-56,lteadvancedmode=0,ssid="ICT_WaveLAN",badgeEnum=0,isTransient=false,isGigaWiFi=false,isAttWifiCall=false,detailedState=CONNECTED
03-05 15:35:02.351  5196  5262 I CarrierServices: [202] bxx.a: FiST: Wifi connectivity status true
03-05 15:35:02.353  5196  5262 I CarrierServices: [202] byc.d: Connected state: [1], networkType: [WIFI]
03-05 15:35:02.355  5196  5356 I CarrierServices: [223] dby.a: CarrierServices.apk is not sim call manager. Not enabling MMTel.
03-05 15:35:02.355  5196  5356 I CarrierServices: [223] bdq.run: (MMTel): : Ignoring Network Change based on IMS preferences
03-05 15:35:02.361  1479  1479 E MSM-irqbalance: IRQ 82 not found in internal structure or should be ignored
03-05 15:35:02.393   825   825 E SurfaceFlinger: prepareFrame for display 0 failed: -2147483648 (Unknown error -2147483648)
03-05 15:35:02.394   825   825 E HWComposer: presentAndGetReleaseFences: failed for display 0: NotValidated (7)
03-05 15:35:04.354  2702  2847 W QCNEJ   : |CORE| notifyWifiStatusChanged failed
03-05 15:35:04.356  2403  2631 I NetworkController: onReceive: intent=Intent { act=android.net.wifi.RSSI_CHANGED flg=0x4000010 (has extras) }
03-05 15:35:04.363  2403  2631 I LGWifiStatusTracker: Wifi connected = true, Wifi level = 3
03-05 15:35:04.363  2403  2631 I NetworkController.WifiSignalController: mCurrentState.enabled = true, mCurrentState.connected = true, mCurrentState.detailedState = CONNECTED, mCurrentState.inetCondition = 1
03-05 15:35:04.363  2403  2631 I NetworkController.WifiSignalController: Change in state to: connected=true,enabled=true,level=3,inetCondition=1,iconGroup=IconGroup(Default Wi-Fi Icons),activityIn=false,activityOut=true,rssi=-55,lteadvancedmode=0,ssid="ICT_WaveLAN",badgeEnum=0,isTransient=false,isGigaWiFi=false,isAttWifiCall=false,detailedState=CONNECTED
03-05 15:35:04.368  5196  5262 I CarrierServices: [202] bxx.a: FiST: Wifi connectivity status true
03-05 15:35:04.371  5196  5262 I CarrierServices: [202] byc.d: Connected state: [1], networkType: [WIFI]
03-05 15:35:04.371  5196  5356 I CarrierServices: [223] dby.a: CarrierServices.apk is not sim call manager. Not enabling MMTel.
03-05 15:35:04.371  5196  5356 I CarrierServices: [223] bdq.run: (MMTel): : Ignoring Network Change based on IMS preferences
03-05 15:35:04.405   825   825 E SurfaceFlinger: prepareFrame for display 0 failed: -2147483648 (Unknown error -2147483648)
03-05 15:35:04.406   825   825 E HWComposer: presentAndGetReleaseFences: failed for display 0: NotValidated (7)
