--------- beginning of system
03-05 15:35:04.984  1862  2791 I ActivityManager: START u0 {act=android.intent.action.VIEW dat=http://10.130.6.62:8888/... flg=0x10000000 cmp=com.android.chrome/com.google.android.apps.chrome.Main} from uid 2000
--------- beginning of main
03-05 15:35:05.022  2403  2403 I LowBatteryModeManager: onDisplayChanged: changed to false
03-05 15:35:05.031   825   825 E SurfaceFlinger: prepareFrame for display 0 failed: -2147483648 (Unknown error -2147483648)
03-05 15:35:05.031   825   825 E HWComposer: presentAndGetReleaseFences: failed for display 0: NotValidated (7)
03-05 15:35:05.033  1862  2207 I InputReader: Reconfiguring input devices.  changes=0x00000004
03-05 15:35:05.044 10054 15138 I PartnerBrowserCustomizationProvider: PartnerBookmarkReader: uri = content://com.android.partnerbrowsercustomizations/disableincognitomode
03-05 15:35:05.052 10054 15138 I PartnerBrowserCustomizationProvider: PartnerBookmarkReader: uri = content://com.android.partnerbrowsercustomizations/disablebookmarksediting
03-05 15:35:05.053 10054 15138 I PartnerBrowserCustomizationProvider: If disableEdit set to 1, Bookmarks are not editable, disableEdit :0
03-05 15:35:05.058 10054 15138 I PartnerBrowserCustomizationProvider: PartnerBookmarkReader: uri = content://com.android.partnerbrowsercustomizations/homepage
03-05 15:35:05.059 10054 15138 I PARTNER_PARSER: Profile name :browser_config
03-05 15:35:05.059 10054 15138 I PARTNER_PARSER: Try to search [browser_config] and id is [2130903043]
03-05 15:35:05.059 10054 15138 I PARTNER_PARSER: no matched profile
03-05 15:35:05.059 10054 15138 I PARTNER_PARSER: Try to search [bookmark_foldername_config] and id is [2130903042]
03-05 15:35:05.059 10054 15138 I PARTNER_PARSER: Duration of Profile parsing = 0
03-05 15:35:05.063 10054 15138 I PARTNER_PARSER: Try to search [browser_config_open_eu] and id is [2130903044]
03-05 15:35:05.063 10054 15138 I PARTNER_PARSER: no matched profile
03-05 15:35:05.063 10054 15138 I PARTNER_PARSER: Try to search [bookmark_foldername_config] and id is [2130903042]
03-05 15:35:05.063 10054 15138 I PARTNER_PARSER: Duration of Profile parsing = 3
03-05 15:35:05.063 10054 15138 I PARTNER_PARSER: use default Profile
03-05 15:35:05.063   825   825 E SurfaceFlinger: prepareFrame for display 0 failed: -2147483648 (Unknown error -2147483648)
03-05 15:35:05.063   825   825 E HWComposer: presentAndGetReleaseFences: failed for display 0: NotValidated (7)
03-05 15:35:05.073 10054 15138 I PARTNER_PARSER: homepage is https://www.google.com/webhp?client=ms-android-lge-rev1&source=android-home
03-05 15:35:05.073 10054 15138 I PartnerBrowserCustomizationProvider: homepage set from getOperator : OPEN
03-05 15:35:05.073 10054 15138 I PARTNER_SimInfo: isMultiSimEnabled = true
03-05 15:35:05.087 10054 15138 E PARTNER_SimInfo: it does not exist mcc and mnc
03-05 15:35:05.089 10054 15138 I PARTNER_PARSER: Profile name :browser_config
03-05 15:35:05.090 10054 15138 I PARTNER_PARSER: Try to search [browser_config] and id is [2130903043]
03-05 15:35:05.090 10054 15138 I PARTNER_PARSER: no matched profile
03-05 15:35:05.090 10054 15138 I PARTNER_PARSER: Try to search [bookmark_foldername_config] and id is [2130903042]
03-05 15:35:05.090 10054 15138 I PARTNER_PARSER: Duration of Profile parsing = 0
03-05 15:35:05.092 10054 15138 I PARTNER_PARSER: Try to search [browser_config_open_eu] and id is [2130903044]
03-05 15:35:05.092 10054 15138 I PARTNER_PARSER: no matched profile
03-05 15:35:05.092 10054 15138 I PARTNER_PARSER: Try to search [bookmark_foldername_config] and id is [2130903042]
03-05 15:35:05.092 10054 15138 I PARTNER_PARSER: Duration of Profile parsing = 2
03-05 15:35:05.092 10054 15138 I PARTNER_PARSER: use default Profile
03-05 15:35:05.097 15143 15143 I Timeline: Timeline: Activity_idle id: android.os.BinderProxy@939a9c4 time:39422295
03-05 15:35:05.097   825   825 E SurfaceFlinger: prepareFrame for display 0 failed: -2147483648 (Unknown error -2147483648)
03-05 15:35:05.098   825   825 E HWComposer: presentAndGetReleaseFences: failed for display 0: NotValidated (7)
03-05 15:35:05.102 10054 15138 I PARTNER_PARSER: homepage is https://www.google.com/webhp?client=ms-android-lge-rev1&source=android-home
03-05 15:35:05.102 10054 15138 I PartnerBrowserCustomizationProvider: homepage read from PRI xml
03-05 15:35:05.102 10054 15138 I PARTNER_PARSER: clientId is android-lge-rev1, isRevenueShareApplied = true
03-05 15:35:05.102 10054 15138 I PartnerBrowserCustomizationProvider: RevenueShare Homepage : https://www.google.com/webhp?client=ms-android-lge-rev1&source=android-home
03-05 15:35:05.102 10054 15138 I PartnerBrowserCustomizationProvider: readHomeUrlFromAutoProfile : https://www.google.com/webhp?client=ms-android-lge-rev1&source=android-home
03-05 15:35:05.102 10054 15138 I PartnerBrowserCustomizationProvider: getBrowserHomepage node https://www.google.com/webhp?client=ms-android-lge-rev1&source=android-home
03-05 15:35:05.172  2403  3020 I SystemServicesProxy: RecentApps has 8 item(s).
03-05 15:35:05.331   825   825 E SurfaceFlinger: prepareFrame for display 0 failed: -2147483648 (Unknown error -2147483648)
03-05 15:35:05.333   825   825 E HWComposer: presentAndGetReleaseFences: failed for display 0: NotValidated (7)
03-05 15:35:07.643  1432  1687 I [GF_HAL][gf_hal_milan_f_series]: [hal_milan_f_series_irq] irq_type=[GF_IRQ_FINGER_DOWN_MASK], irq_type=0x0002
03-05 15:35:07.653  2403  2403 I FingerprintController: fingerprint acquired, grabbing fp wakelock
03-05 15:35:07.775  1432  1687 I [GF_HAL][gf_hal_common]: [hal_milan_f_series_irq]     image_quality=61
03-05 15:35:07.775  1432  1687 I [GF_HAL][gf_hal_common]: [hal_milan_f_series_irq]        valid_area=87
03-05 15:35:07.775  1432  1687 I [GF_HAL][gf_hal_common]: [hal_milan_f_series_irq]     key_point_num=137
03-05 15:35:07.775  1432  1687 I [GF_HAL][gf_hal_common]: [hal_milan_f_series_irq]       match_score=32
03-05 15:35:07.775  1432  1687 I [GF_HAL][gf_hal_common]: [hal_milan_f_series_irq]        total time=169ms
03-05 15:35:07.779  1862  1862 I VolumeVibratorManager: ro.lge.vib_magnitude_index = 0,26,30,34,41,53,62,89
03-05 15:35:07.779  1862  1862 I VolumeVibratorManager: ro.lge.ivt_touch_magnitude = 0,26,46,62,78,94,110,127
03-05 15:35:07.779  1862  1862 I VolumeVibratorManager: ro.lge.vib_magnitude_index = 0,26,30,34,41,53,62,89
03-05 15:35:07.779  1862  1862 I VolumeVibratorManager: ro.lge.ivt_touch_magnitude = 0,26,46,62,78,94,110,127
03-05 15:35:07.780  1862  1862 I VolumeVibratorManager: volumeToMagnitude() vibrateVolume = 175 magnitude = 90
03-05 15:35:07.780  1862  1862 I VolumeVibratorManager: Immersion vibratePattern() uid:1000packageName android volumeValue 90
03-05 15:35:07.783  2403  2403 I FingerprintController: fp wakelock: Authenticated, waking up... wasDeviceInteractive : false
03-05 15:35:07.783  1862  2818 I PocketDetection: isDeviceInThePocket: wakeUpReason = android.policy:FINGERPRINT, pocketMonitoring = true, screenOffTimeout = 10000, realScreenOffTimeout = 10000, mPocketProximityEnabled = true, mLightEnabled = false, mPocketProximityPositive = false, mCurrentLuxforPocket = 4.0, mSensorCovered = false, mDeviceWakeUpDueToStateChanged = false, mIsScreenWakelockAcquired = false
03-05 15:35:07.784  1862  2818 I PocketDetection: Pocket state : false
03-05 15:35:07.784  1862  2818 I SensorManager: removeAllSensors() [Sensor: LGE Pocket Detection  Wakeup] by com.android.server.power.PocketDetection.setPocketSensorEnabled():497
03-05 15:35:07.785   800  2162 I sensors_hal: activate:133, lge.sensor.pocket/18 en=0
03-05 15:35:07.785   800  2162 E         : ~ssc_connection:480, ssc disconnected 800, 0x7af202d1d0 
03-05 15:35:07.786   800  2162 I sensors_hal: activate:144, lge.sensor.pocket/18 en=0 completed
03-05 15:35:07.787  1862  2818 I PowerManagerService: Waking up from sleep (uid 10152)...
03-05 15:35:07.792  1862  2818 I AOD     : [onDisplayStateChangedCallback] mainLcd= true  extLcd= true
03-05 15:35:07.792  1862  2818 I LPWGController: Screen Status [ Off -> On ]
03-05 15:35:07.794  1862  1930 I AOD     : handler:POLED_ALARAM_SHOW_PENDING: cancel 'show pending' 
03-05 15:35:07.796  1862  1934 W DisplayPowerControllerEx: updatePowerState() : mPowerRequest.policy = 0, mRequestPolicy = 3, mPowerState.getColorFadeLevel() = 0.0, mPowerState.getScreenState() = 4, mPowerState.getScreenBrightness() = 144, mPendingUpdatePowerState = false, mIsFinishDrawBasicInfo = false
03-05 15:35:07.796  2403  2403 I FingerprintController: releasing fp wakelock
03-05 15:35:07.800  1862  1862 I WindowManager: Started waking up...
03-05 15:35:07.804   825   825 E SurfaceFlinger: prepareFrame for display 0 failed: -2147483648 (Unknown error -2147483648)
03-05 15:35:07.804   825   825 E HWComposer: presentAndGetReleaseFences: failed for display 0: NotValidated (7)
03-05 15:35:07.806  1862  1934 I DisplayPowerController: Blocking screen on until initial contents have been drawn.
03-05 15:35:07.806  1862  1934 I WindowManager: Screen turning on...
03-05 15:35:07.806  2693  3773 I VoicePrintService: onScreenTurnedOn!! voiceunlock=0qvoice=true
03-05 15:35:07.810  1862  1934 W DisplayPowerControllerEx: blockScreenOnByALC : mIsScreenBlockedByALC [false]
03-05 15:35:07.810  1862  1934 I DisplayPowerControllerEx: setScreenState : set interactive (main,sub) to (true,true)
03-05 15:35:07.810  1862  1934 I SensorManager: removeAllSensors() [Sensor: LGE Wake-up Light  Wakeup] by com.android.server.display.DisplayPowerControllerEx.setLightSensorEnable():1700
03-05 15:35:07.811  1432  1687 I [GF_HAL][gf_hal_milan_f_series]: [hal_milan_f_series_irq] irq_type=, irq_type=0x0000
03-05 15:35:07.811   800  2162 I sensors_hal: activate:133, lge.sensor.wakeup_light/25 en=0
03-05 15:35:07.811   800  2162 E         : ~ssc_connection:480, ssc disconnected 800, 0x7af202d160 
03-05 15:35:07.812   800  2162 I sensors_hal: activate:144, lge.sensor.wakeup_light/25 en=0 completed
03-05 15:35:07.814  1862  1930 I DisplayManagerService: Display device changed state: "Built-in Screen", ON
03-05 15:35:07.814   758  1238 I SDM     : DisplayBase::SetDisplayState: Set state = 1, display 0
03-05 15:35:07.818  2403  2576 I SensorManager: registerListenerImpl() [Sensor: LGE Proximity Proximity Sensor Wakeup, Rate: 20000, SensorEventListener: com.android.systemui.classifier.FalsingManager@a5352fd] by com.android.systemui.classifier.FalsingManager.lambda$-com_android_systemui_classifier_FalsingManager_6084():170
03-05 15:35:07.819  1331  1370 I GBMv2   : PS:1
03-05 15:35:07.819  1332  1429 I PowerRM : System FW:1 IC:0 SO:0 GT:0 CAPP:-1 APP:0
03-05 15:35:07.820  1332  1429 E PowerRM : found 42, mode set to 0
03-05 15:35:07.821  1332  1429 I PowerRM : FIA lock0 unlocked
03-05 15:35:07.822   800  2162 I sensors_hal: batch:166, android.sensor.proximity/13, period=20000000, max_latency=0
03-05 15:35:07.822   800  2162 I sensors_hal: batch:175, android.sensor.proximity/13, period=20000000, max_latency=0 request completed
03-05 15:35:07.823  1862  3706 W WallpaperManagerService: restorecon() of crop file(getWallpaper): true
03-05 15:35:07.823  2403  2403 I EffectBridgeImpl: effect background image = android.graphics.drawable.BitmapDrawable@b40f691
03-05 15:35:07.824  2403  2403 I LowBatteryModeManager: onDisplayChanged: changed to true
03-05 15:35:07.860  1432  1687 I [GF_HAL][gf_hal]: [gf_hal_screen_on]
03-05 15:35:07.868  1862  2207 I InputReader: Reconfiguring input devices.  changes=0x00000004
03-05 15:35:07.870  1862  2159 I WindowManager: Starting window displayed
03-05 15:35:07.871  2403  9430 I KeyguardViewMediator: binder call(startKeyguardExitAnimation) recevied.
03-05 15:35:07.892  2403  2403 I KeyguardViewMediator: play lock sounds
03-05 15:35:07.892  1862  2733 W PowerManagerServiceEx: start wakeUpForExtendedDisplay
03-05 15:35:07.892  1862  2733 W PowerManagerServiceEx: ignore partial wakeup request because already awake state
03-05 15:35:07.894  1862  1923 W WindowManager: Setting mKeyguardDrawComplete
03-05 15:35:07.901  1862  2159 I WindowManager: earlyStartKeyguardExitAnimation
03-05 15:35:07.901  2403  3020 I KeyguardViewMediator: binder call(startKeyguardExitAnimation) recevied.
03-05 15:35:07.905  1862  2159 I WindowManager: Starting window displayed
03-05 15:35:07.908  1862  2389 W OverlayMagnifierAdapter: keyguard showing? false
03-05 15:35:07.908  2693  3066 I VoicePrintService: [LGVoicePrintService] keyguard callback (isKeyguardVisible=false, trustAgentEnabled=true)
03-05 15:35:07.909  2693  2938 I LEDService: stopPatternFlashing()
03-05 15:35:07.909  2693  3773 I FaceGlanceService: [svc] keyguard callback (isKeyguardVisible=false, trustAgentEnabled=true, isScreenOn=true)
03-05 15:35:07.912  1347  2314 W DeviceHalMirrorLink: DeviceHalMirrorLink::setParameters() is invalid operation
03-05 15:35:07.914  1862  2272 I WifiConnectivityManager: startConnectivityScan is skipped, wifistate is connected state
03-05 15:35:07.914  2403  2403 I zygote  : Looking for service vendor.lge.hardware.touch@1.0::ITouch/default
03-05 15:35:07.914 10054 10859 I PartnerBrowserCustomizationProvider: PartnerBookmarkReader: uri = content://com.android.partnerbrowsercustomizations/disableincognitomode
03-05 15:35:07.915  2693  2938 I LEDService: updateLightsLocked : turn on led
03-05 15:35:07.916  2403  2403 I zygote  : Starting thread pool.
03-05 15:35:07.917  1862  1934 I SensorManager: removeAllSensors() [Sensor: LGE Pick-up  Wakeup] by com.android.server.power.SmartController.unregisterSmartAodSensor():244
03-05 15:35:07.917   800  2162 I sensors_hal: activate:133, lge.sensor.lgpick/24 en=0
03-05 15:35:07.917   800  2162 E         : ~ssc_connection:480, ssc disconnected 800, 0x7af202d1c8 
03-05 15:35:07.918   800  2162 I sensors_hal: activate:144, lge.sensor.lgpick/24 en=0 completed
03-05 15:35:07.919  2403  2576 I SensorManager: removeAllSensors() [Sensor: LGE Proximity Proximity Sensor Wakeup] by com.android.systemui.classifier.FalsingManager.lambda$-com_android_systemui_classifier_FalsingManager_5182():142
03-05 15:35:07.920   800  2162 I sensors_hal: batch:166, android.sensor.proximity/13, period=66667000, max_latency=0
03-05 15:35:07.920   800  2162 I sensors_hal: batch:175, android.sensor.proximity/13, period=66667000, max_latency=0 request completed
03-05 15:35:07.921  2403  2403 I NavigationThemeResource: NavigationKey Color is changed(WHITE_WITH_BORDER -> BLACK)
03-05 15:35:07.921  2403  2403 I NavigationThemeResource:  BarMode=4, Theme=WHITE, LightBackground=true (NOT Transparent)
03-05 15:35:07.921  2403  2403 I NavigationThemeResource: , Keyguard show=false, IME shown=false, Bar vertical=false, Panel expanded=false
03-05 15:35:07.923 10054 10859 I PartnerBrowserCustomizationProvider: PartnerBookmarkReader: uri = content://com.android.partnerbrowsercustomizations/disablebookmarksediting
03-05 15:35:07.923  2403  2403 I PhoneStatusBarView: go state: 2 -> 0
03-05 15:35:07.923 10054 10859 I PartnerBrowserCustomizationProvider: If disableEdit set to 1, Bookmarks are not editable, disableEdit :0
03-05 15:35:07.929  2403  2403 I StatusBar: updateMediaMetaData(false): mMediaMetadata = null
03-05 15:35:07.930 10054 10859 I PartnerBrowserCustomizationProvider: PartnerBookmarkReader: uri = content://com.android.partnerbrowsercustomizations/homepage
03-05 15:35:07.931 10054 10859 I PARTNER_PARSER: Profile name :browser_config
03-05 15:35:07.931 10054 10859 I PARTNER_PARSER: Try to search [browser_config] and id is [2130903043]
03-05 15:35:07.931 10054 10859 I PARTNER_PARSER: no matched profile
03-05 15:35:07.931 10054 10859 I PARTNER_PARSER: Try to search [bookmark_foldername_config] and id is [2130903042]
03-05 15:35:07.931 10054 10859 I PARTNER_PARSER: Duration of Profile parsing = 0
03-05 15:35:07.932 10054 10859 I PARTNER_PARSER: Try to search [browser_config_open_eu] and id is [2130903044]
03-05 15:35:07.932 10054 10859 I PARTNER_PARSER: no matched profile
03-05 15:35:07.932 10054 10859 I PARTNER_PARSER: Try to search [bookmark_foldername_config] and id is [2130903042]
03-05 15:35:07.932 10054 10859 I PARTNER_PARSER: Duration of Profile parsing = 0
03-05 15:35:07.932 10054 10859 I PARTNER_PARSER: use default Profile
03-05 15:35:07.932  2403  2403 I LockDragLayerEffect: LockDragLayerEffect.onDetachedFromWindow!
03-05 15:35:07.936 10054 10859 I PARTNER_PARSER: homepage is https://www.google.com/webhp?client=ms-android-lge-rev1&source=android-home
03-05 15:35:07.936 10054 10859 I PartnerBrowserCustomizationProvider: homepage set from getOperator : OPEN
03-05 15:35:07.936 10054 10859 I PARTNER_SimInfo: isMultiSimEnabled = true
03-05 15:35:07.953 10054 10859 E PARTNER_SimInfo: it does not exist mcc and mnc
03-05 15:35:07.956   825  1652 E SurfaceFlinger: Failed to find layer (SurfaceView - StatusBar#0) in layer parent (no-parent).
03-05 15:35:07.956  2403  2403 I StatusBarExpansionState: removed callback is com.lge.lockscreen.widget.draglayer.LockDragLayerEffect$3@e0b2c2f
03-05 15:35:07.956   825   959 E SurfaceFlinger: Failed to find layer (Background for - SurfaceView - StatusBar#0) in layer parent (no-parent).
03-05 15:35:07.958 10054 10859 I PARTNER_PARSER: Profile name :browser_config
03-05 15:35:07.958 10054 10859 I PARTNER_PARSER: Try to search [browser_config] and id is [2130903043]
03-05 15:35:07.958 10054 10859 I PARTNER_PARSER: no matched profile
03-05 15:35:07.958 10054 10859 I PARTNER_PARSER: Try to search [bookmark_foldername_config] and id is [2130903042]
03-05 15:35:07.958 10054 10859 I PARTNER_PARSER: Duration of Profile parsing = 0
03-05 15:35:07.958 10054 10859 I PARTNER_PARSER: Try to search [browser_config_open_eu] and id is [2130903044]
03-05 15:35:07.958 10054 10859 I PARTNER_PARSER: no matched profile
03-05 15:35:07.959 10054 10859 I PARTNER_PARSER: Try to search [bookmark_foldername_config] and id is [2130903042]
03-05 15:35:07.959 10054 10859 I PARTNER_PARSER: Duration of Profile parsing = 0
03-05 15:35:07.959 10054 10859 I PARTNER_PARSER: use default Profile
03-05 15:35:07.964 15784 15809 I Finsky  : [1009] com.google.android.finsky.bo.an.run(6): Stats for Executor: VerifyAppsDataStore com.google.android.finsky.bo.ao@2026fdf[Running, pool size = 0, active threads = 0, queued tasks = 0, completed tasks = 2]
03-05 15:35:07.964 15143 15143 I Timeline: Timeline: Activity_idle id: android.os.BinderProxy@939a9c4 time:39425162
03-05 15:35:07.965 15784 15809 I Finsky  : [1009] com.google.android.finsky.bo.an.run(6): Stats for Executor: Db-verify_apps.db com.google.android.finsky.bo.ao@e99c42c[Running, pool size = 0, active threads = 0, queued tasks = 0, completed tasks = 1]
03-05 15:35:07.965 10054 10859 I PARTNER_PARSER: homepage is https://www.google.com/webhp?client=ms-android-lge-rev1&source=android-home
03-05 15:35:07.965 10054 10859 I PartnerBrowserCustomizationProvider: homepage read from PRI xml
03-05 15:35:07.965 10054 10859 I PARTNER_PARSER: clientId is android-lge-rev1, isRevenueShareApplied = true
03-05 15:35:07.965 10054 10859 I PartnerBrowserCustomizationProvider: RevenueShare Homepage : https://www.google.com/webhp?client=ms-android-lge-rev1&source=android-home
03-05 15:35:07.965 10054 10859 I PartnerBrowserCustomizationProvider: readHomeUrlFromAutoProfile : https://www.google.com/webhp?client=ms-android-lge-rev1&source=android-home
03-05 15:35:07.965 10054 10859 I PartnerBrowserCustomizationProvider: getBrowserHomepage node https://www.google.com/webhp?client=ms-android-lge-rev1&source=android-home
03-05 15:35:07.969   825   947 E SurfaceFlinger: Permission Denial: can't openGlobalTransaction pid=15143, uid<=10205
03-05 15:35:07.969 15143 15143 E BpSurfaceComposerClient: Failed to transact (-1)
03-05 15:35:07.969   825  1851 E SurfaceFlinger: Permission Denial: can't openGlobalTransaction pid=15143, uid<=10205
03-05 15:35:07.969 15143 15143 E BpSurfaceComposerClient: Failed to transact (-1)
03-05 15:35:07.976  1862  2733 I SystemUI[Framework]: ==> disableLocked() userId=0, what=0x0, token=android.os.BinderProxy@5ec057, pkg=com.android.systemui, whichFlag=1, bar=com.android.internal.statusbar.IStatusBar$Stub$Proxy@aa1d184
03-05 15:35:07.976  1862  2733 I SystemUI[Framework]: StatusBar disabled: mDisabled1=0x0 mDisabled2=0x0
03-05 15:35:07.976  1862  2733 I SystemUI[Framework]:   mDisableRecords.size=0
03-05 15:35:07.977  1862  2733 I SystemUI[Framework]: ==>disabledNaviBtnLocked() userId=0, what=0x0, token=android.os.BinderProxy@13c9744,  pkg=com.android.systemui
03-05 15:35:07.977  1862  2733 I SystemUI[Framework]: disableNaviBtn: mDisabledNaviBtn=0x0,  mDisableRecords.size=0
03-05 15:35:07.979  2702  2847 W QCNEJ   : |CORE| notifyScreenStateChanged failed
03-05 15:35:07.980  3450  3450 I GsaVoiceInteractionSrv: O received Intent { act=android.intent.action.USER_PRESENT flg=0x24200010 }
03-05 15:35:07.982  1862  1922 W BroadcastQueue: Background execution not allowed: receiving Intent { act=android.intent.action.USER_PRESENT flg=0x24200010 } to com.google.android.gms/.auth.setup.devicesignals.LockScreenReceiver
03-05 15:35:07.982  1862  3612 W WindowManager: [updateSystemBarsFlagsIfNeeded] SettingNotFoundException: mirrorlink_state
03-05 15:35:07.982  1862  1922 W BroadcastQueue: Background execution not allowed: receiving Intent { act=android.intent.action.USER_PRESENT flg=0x24200010 } to com.google.android.gms/.trustagent.UserPresentBroadcastReceiver
03-05 15:35:07.982  1862  1922 W BroadcastQueue: Background execution not allowed: receiving Intent { act=android.intent.action.USER_PRESENT flg=0x24200010 } to com.google.android.gms/.chimera.GmsIntentOperationService$PersistentTrustedReceiver
03-05 15:35:07.984  1332  1428 I PowerRM : System FW:1 IC:0 SO:0 GT:0 CAPP:-1 APP:0
03-05 15:35:07.984  1332  1428 E PowerRM : found 42, mode set to 0
03-05 15:35:07.984  1332  1428 I PowerRM : System FW:1 IC:0 SO:0 GT:0 CAPP:-1 APP:8
03-05 15:35:07.984  1332  1428 E PowerRM : found 42, mode set to 0
03-05 15:35:07.984  1332  1428 I PowerRM : System FW:0 IC:0 SO:0 GT:0 CAPP:-1 APP:8
03-05 15:35:07.984  1332  1428 I PowerRM : FIA lock1 unlocked
03-05 15:35:07.985  3502 20853 E NxpNfcJni: nfcManager_doSetScreenOrPowerState: Enter(3)
03-05 15:35:07.985  2743  2743 E MPE_API : getOnOffStatus status : 0
03-05 15:35:07.985  1332  1430 I PowerRM : Grant Setting Acceptor[3] Grant[1]
03-05 15:35:07.990 14749 14749 I TrustAgent: [HomeAddressChangeTracker] User Present. Maybe fetch home.
03-05 15:35:07.991 14749 14749 I TrustAgent: [HomeAddressChangeTracker] fetch for account lf17866@my.bristol.ac.uk
03-05 15:35:07.991 14749 14749 I TrustAgent: [HomeFetcher] fetch home address!
03-05 15:35:07.993  3686  3686 I SearchServiceCore: Event Bus thread is enabled
03-05 15:35:07.993  3686  3899 I RunnerModule: Event Bus thread priority is now -2
03-05 15:35:07.994  1862  3717 I ActivityManager: START u0 {act=android.intent.action.VIEW dat=http://10.130.6.62:8888/... flg=0x10000000 cmp=com.android.chrome/com.google.android.apps.chrome.Main} from uid 10205
03-05 15:35:07.996  2403  2403 I NetworkController.WifiSignalController: Change in state to: connected=true,enabled=true,level=3,inetCondition=1,iconGroup=IconGroup(Default Wi-Fi Icons),activityIn=true,activityOut=true,rssi=-55,lteadvancedmode=0,ssid="ICT_WaveLAN",badgeEnum=0,isTransient=false,isGigaWiFi=false,isAttWifiCall=false,detailedState=CONNECTED
03-05 15:35:07.998  1862  1930 I WindowManager: All windows ready for display!
03-05 15:35:07.998  2403  2403 I LGBrightnessController: unregisterCallbacks
03-05 15:35:07.998  2403  2403 I VolumeSlider: unregisterCallbacks
03-05 15:35:08.000  1862  3706 I PowerManagerServiceEx: Unregister HLModeCallback android.os.IHLModeCallback$Stub$Proxy@58f277b / package = SystemUI
03-05 15:35:08.000  1862  3706 I PowerManagerServiceEx: Unregister BoostStateCallback android.os.IBoostStateCallback$Stub$Proxy@b2945f1 / package = SystemUI
03-05 15:35:08.000  2702  2847 W QCNEJ   : |CORE| notifyScreenStateChanged failed
03-05 15:35:08.000  1862  1923 W WindowManager: Setting mWindowManagerDrawComplete
03-05 15:35:08.001  1862  1923 I SensorManager: registerListenerImpl() [Sensor: LGE Motion Accel  Non-wakeup, Rate: 66667, SensorEventListener: com.android.server.policy.WindowOrientationListener$AccelSensorJudge@ba3ccbc] by com.android.server.policy.WindowOrientationListener.enable():165
03-05 15:35:08.001   800  2162 I sensors_hal: batch:166, lge.sensor.motion_accel/5, period=66667000, max_latency=0
03-05 15:35:08.001   800  2162 I sensors_hal: batch:175, lge.sensor.motion_accel/5, period=66667000, max_latency=0 request completed
03-05 15:35:08.001   800  2162 I sensors_hal: activate:133, lge.sensor.motion_accel/5 en=1
03-05 15:35:08.004   800  2162 E         : ssc_connection:472, ssc connected 800, 0x7af202d1c8
03-05 15:35:08.005   800  2162 E         : send_request:490, send_request: 800, 0x7af202d1c8 
03-05 15:35:08.007   800  2162 I sensors_hal: activate:144, lge.sensor.motion_accel/5 en=1 completed
03-05 15:35:08.008  1862  1923 I WindowManager: Finished screen turning on...
03-05 15:35:08.009  1862  1934 I DisplayPowerController: Unblocked screen on after 203 ms
03-05 15:35:08.009  1862  1934 W DisplayPowerControllerEx: updatePowerState() : mPowerRequest.policy = 3, mRequestPolicy = 3, mPowerState.getColorFadeLevel() = 0.0, mPowerState.getScreenState() = 2, mPowerState.getScreenBrightness() = 144, mPendingUpdatePowerState = false, mIsFinishDrawBasicInfo = false
03-05 15:35:08.009  1862  1934 I DisplayPowerControllerEx: setScreenState : set interactive (main,sub) to (true,true)
03-05 15:35:08.009  2693  2938 I LEDService: stopPatternFlashing()
03-05 15:35:08.011  2693  2693 I WfdStateTracker: handleScreenOnEvent: true, wfd mode : -1
03-05 15:35:08.014  2693  2693 I Cliptray Service: cliptrayEventReceiver :onReceiveandroid.intent.action.SCREEN_ON
03-05 15:35:08.015 15143 15143 E cr_IntentUtils: getInt failed on bundle null
03-05 15:35:08.016  2693  2938 I LEDService: updateLightsLocked : turn off led
03-05 15:35:08.018  1862  1934 W DisplayPowerControllerEx: updatePowerState() : mPowerRequest.policy = 3, mRequestPolicy = 3, mPowerState.getColorFadeLevel() = 1.0, mPowerState.getScreenState() = 2, mPowerState.getScreenBrightness() = 144, mPendingUpdatePowerState = false, mIsFinishDrawBasicInfo = false
03-05 15:35:08.018  1862  1934 I DisplayPowerControllerEx: setScreenState : set interactive (main,sub) to (true,true)
03-05 15:35:08.018  1862  1934 W PowerManagerService: Screen on took 235 ms
03-05 15:35:08.019  1862  1862 I WindowManager: Finished waking up...
03-05 15:35:08.025  1432  1687 I [GF_HAL][gf_hal_milan_f_series]: [hal_milan_f_series_irq] irq_type=[GF_IRQ_FINGER_UP_MASK], irq_type=0x0004
03-05 15:35:08.037 20868 20868 E /system/bin/webview_zygote32: failed to make and chown /acct/uid_99121: Permission denied
03-05 15:35:08.037 20868 20868 E Zygote  : createProcessGroup(99121, 0) failed: Permission denied
03-05 15:35:08.037  1862  3706 W WindowManager: [updateSystemBarsFlagsIfNeeded] SettingNotFoundException: mirrorlink_state
03-05 15:35:08.039  1862  3717 I ActivityManager: Start proc 20868:com.android.chrome:sandboxed_process39/u0i121 for webview_service com.android.chrome/org.chromium.content.app.SandboxedProcessService39
03-05 15:35:08.045   792  4173 E NxpTml  : _i2c_write() errno : 5
03-05 15:35:08.046 20868 20868 W /system/bin/webview_zygote32: Using default instruction set features for ARM CPU variant (cortex-a9) using conservative defaults
03-05 15:35:08.055 15143 15143 W cr_SpanAutocomplete: Did not notify - ignored.
03-05 15:35:08.060  2403  2403 I LGPowerUI: onReceive = android.intent.action.SCREEN_ON
03-05 15:35:08.061   792  4173 E NxpTml  : PN54X - Error in I2C Write.....
03-05 15:35:08.061   792  4175 E NxpHal  : write error status = 0x1ff
03-05 15:35:08.061   792   792 E NxpHal  : write_unlocked failed - PN54X Maybe in Standby Mode - Retry
03-05 15:35:08.062  2403  2948 I LgeClockWidgetControlView: time changed, timezoneChanged : false
03-05 15:35:08.063 20868 20868 I SamplingProfilerIntegration: Profiling disabled.
03-05 15:35:08.065  2403  2403 I LgeClockWidgetControlView: handleTimeUpdate , 15:35
03-05 15:35:08.065  2403  2403 I MSimSwitchPanelView: onReceive = android.intent.action.SCREEN_ON
03-05 15:35:08.069  2403  2403 I OperatorTextView: [ OperatorTextView ] intent action : android.intent.action.SCREEN_ON
03-05 15:35:08.070  2403  2403 I OperatorTextView: Operator(103) is invalid
03-05 15:35:08.074 20881 20881 E asset   : setgid: Operation not permitted
03-05 15:35:08.075 15417 15417 W ContextImpl: Calling a method in the system process without a qualified user: android.app.ContextImpl.startService:1461 android.content.ContextWrapper.startService:644 android.content.ContextWrapper.startService:644 com.lge.ia.intenttask.LIAIntentReceiver.sendIntent:95 com.lge.ia.intenttask.LIAIntentReceiver.onReceive:58 
03-05 15:35:08.078 15417 20882 I LIA_SDK_V0.8.34_LogCore: LIA Log Open() - prefix : LIA_SDK_V0.8.34_
03-05 15:35:08.084 15417 20882 W ContextImpl: Calling a method in the system process without a qualified user: android.app.ContextImpl.startService:1461 android.content.ContextWrapper.startService:644 com.lge.ia.connection.ConnectionProxy.tryStartService:59 com.lge.ia.ConnectionProxyHandler.tryConnecting:179 com.lge.ia.LGIntelligentAgent.tryConnecting:209 
03-05 15:35:08.089 15417 20882 W ContextImpl: Calling a method in the system process without a qualified user: android.app.ContextImpl.bindService:1541 android.content.ContextWrapper.bindService:678 com.lge.ia.connection.ConnectionProxy.tryBindService:80 com.lge.ia.ConnectionProxyHandler.tryConnecting:188 com.lge.ia.LGIntelligentAgent.tryConnecting:209 
03-05 15:35:08.089  2403  2403 I NoAlertsDuringGameHandler: onReceive = android.intent.action.SCREEN_ON
03-05 15:35:08.095 20885 20885 E asset   : setgid: Operation not permitted
03-05 15:35:08.113  4154  4154 I Weather_WeatherService: onReceive, action: android.intent.action.SCREEN_ON, Time(hour:min:sec) 15:35:8
03-05 15:35:08.113  4154  4154 I Weather_WeatherService: ACTION screen on
03-05 15:35:08.114  4154  4154 I Weather_WeatherService: shouldTimeTickRegistered - 4x2 : 0, FphWidget : 0
03-05 15:35:08.114  4154  4154 I Weather_WeatherService: shouldTimeTickRegistered : false
03-05 15:35:08.114  4154  4154 I Weather_WeatherService: onReceive has processed, action: android.intent.action.SCREEN_ON, Time(hour:min:sec) 15:35:8
03-05 15:35:08.116 20868 20868 E asset   : AssetManager::addSystemOverlays delete oidmap
03-05 15:35:08.119 20868 20868 E asset   : AssetManager::addSystemOverlays delete oidmap
03-05 15:35:08.144  3502  4139 E NxpNfcJni: nfaConnectionCallback: unknown event 39
03-05 15:35:08.145  3502  4139 E NxpNfcNfa: UICC/ESE[0x402] is not activated
03-05 15:35:08.167  1862  2776 W ActivityManager: Sending non-protected broadcast com.lge.wallpaperpicker.action.send_captured_image from system 2403:com.android.systemui/u0a152 pkg com.android.systemui
03-05 15:35:08.171  3753 20357 I qtaguid : Untagging socket 168 failed errno=-22
03-05 15:35:08.171  3753 20357 W NetworkManagementSocketTagger: untagSocket(168) failed with errno -22
03-05 15:35:08.171  3753 20357 I qtaguid : Untagging socket 168 failed errno=-22
03-05 15:35:08.171  3753 20357 W NetworkManagementSocketTagger: untagSocket(168) failed with errno -22
03-05 15:35:08.171  3753 20357 I qtaguid : Untagging socket 168 failed errno=-22
03-05 15:35:08.171  3753 20357 W NetworkManagementSocketTagger: untagSocket(168) failed with errno -22
03-05 15:35:08.171  3753 20357 I qtaguid : Untagging socket 168 failed errno=-22
03-05 15:35:08.171  3753 20357 W NetworkManagementSocketTagger: untagSocket(168) failed with errno -22
03-05 15:35:08.171  3753 20357 I qtaguid : Untagging socket 168 failed errno=-22
03-05 15:35:08.171  3753 20357 W NetworkManagementSocketTagger: untagSocket(168) failed with errno -22
03-05 15:35:08.171  3753 20357 I qtaguid : Untagging socket 168 failed errno=-22
03-05 15:35:08.171  3753 20357 W NetworkManagementSocketTagger: untagSocket(168) failed with errno -22
03-05 15:35:08.171  3753 20357 I qtaguid : Untagging socket 168 failed errno=-22
03-05 15:35:08.172  3753 20357 W NetworkManagementSocketTagger: untagSocket(168) failed with errno -22
03-05 15:35:08.172  3753 20357 I qtaguid : Untagging socket 168 failed errno=-22
03-05 15:35:08.172  3753 20357 W NetworkManagementSocketTagger: untagSocket(168) failed with errno -22
03-05 15:35:08.172  3753 20357 I qtaguid : Untagging socket 168 failed errno=-22
03-05 15:35:08.172  3753 20357 W NetworkManagementSocketTagger: untagSocket(168) failed with errno -22
03-05 15:35:08.172  3753 20357 I qtaguid : Untagging socket 168 failed errno=-22
03-05 15:35:08.172  3753 20357 W NetworkManagementSocketTagger: untagSocket(168) failed with errno -22
03-05 15:35:08.172  3753 20357 I qtaguid : Untagging socket 168 failed errno=-22
03-05 15:35:08.172  3753 20357 W NetworkManagementSocketTagger: untagSocket(168) failed with errno -22
03-05 15:35:08.172  3753 20357 I qtaguid : Untagging socket 168 failed errno=-22
03-05 15:35:08.172  3753 20357 W NetworkManagementSocketTagger: untagSocket(168) failed with errno -22
03-05 15:35:08.172  3753 20357 I qtaguid : Untagging socket 168 failed errno=-22
03-05 15:35:08.172  3753 20357 W NetworkManagementSocketTagger: untagSocket(168) failed with errno -22
03-05 15:35:08.172  3753 20357 I qtaguid : Untagging socket 168 failed errno=-22
03-05 15:35:08.172  3753 20357 W NetworkManagementSocketTagger: untagSocket(168) failed with errno -22
03-05 15:35:08.172  3753 20357 I qtaguid : Untagging socket 168 failed errno=-22
03-05 15:35:08.172  3753 20357 W NetworkManagementSocketTagger: untagSocket(168) failed with errno -22
03-05 15:35:08.172  3753 20357 I qtaguid : Untagging socket 168 failed errno=-22
03-05 15:35:08.172  3753 20357 W NetworkManagementSocketTagger: untagSocket(168) failed with errno -22
03-05 15:35:08.172  3753 20357 I qtaguid : Untagging socket 168 failed errno=-22
03-05 15:35:08.172  3753 20357 W NetworkManagementSocketTagger: untagSocket(168) failed with errno -22
03-05 15:35:08.173  3753 20357 I qtaguid : Untagging socket 168 failed errno=-22
03-05 15:35:08.173  3753 20357 W NetworkManagementSocketTagger: untagSocket(168) failed with errno -22
03-05 15:35:08.173  3753 20357 I qtaguid : Untagging socket 168 failed errno=-22
03-05 15:35:08.173  3753 20357 W NetworkManagementSocketTagger: untagSocket(168) failed with errno -22
03-05 15:35:08.173  3753 20357 I qtaguid : Untagging socket 168 failed errno=-22
03-05 15:35:08.173  3753 20357 W NetworkManagementSocketTagger: untagSocket(168) failed with errno -22
03-05 15:35:08.173  3753 20357 I qtaguid : Untagging socket 168 failed errno=-22
03-05 15:35:08.173  3753 20357 W NetworkManagementSocketTagger: untagSocket(168) failed with errno -22
03-05 15:35:08.173  3753 20357 I qtaguid : Untagging socket 168 failed errno=-22
03-05 15:35:08.173  3753 20357 W NetworkManagementSocketTagger: untagSocket(168) failed with errno -22
03-05 15:35:08.173  3753 20357 I qtaguid : Untagging socket 168 failed errno=-22
03-05 15:35:08.173  3753 20357 W NetworkManagementSocketTagger: untagSocket(168) failed with errno -22
03-05 15:35:08.173  3753 20357 I qtaguid : Untagging socket 168 failed errno=-22
03-05 15:35:08.173  3753 20357 W NetworkManagementSocketTagger: untagSocket(168) failed with errno -22
03-05 15:35:08.173  3753 20357 I qtaguid : Untagging socket 168 failed errno=-22
03-05 15:35:08.173  3753 20357 W NetworkManagementSocketTagger: untagSocket(168) failed with errno -22
03-05 15:35:08.173  3753 20357 I qtaguid : Untagging socket 168 failed errno=-22
03-05 15:35:08.173  3753 20357 W NetworkManagementSocketTagger: untagSocket(168) failed with errno -22
03-05 15:35:08.173  3753 20357 I qtaguid : Untagging socket 168 failed errno=-22
03-05 15:35:08.173  3753 20357 W NetworkManagementSocketTagger: untagSocket(168) failed with errno -22
03-05 15:35:08.173  3753 20357 I qtaguid : Untagging socket 168 failed errno=-22
03-05 15:35:08.173  3753 20357 W NetworkManagementSocketTagger: untagSocket(168) failed with errno -22
03-05 15:35:08.173  3753 20357 I qtaguid : Untagging socket 168 failed errno=-22
03-05 15:35:08.174  3753 20357 W NetworkManagementSocketTagger: untagSocket(168) failed with errno -22
03-05 15:35:08.174  3753 20357 I qtaguid : Untagging socket 168 failed errno=-22
03-05 15:35:08.174  3753 20357 W NetworkManagementSocketTagger: untagSocket(168) failed with errno -22
03-05 15:35:08.174  3753 20357 I qtaguid : Untagging socket 168 failed errno=-22
03-05 15:35:08.174  3753 20357 W NetworkManagementSocketTagger: untagSocket(168) failed with errno -22
03-05 15:35:08.174  3753 20357 I qtaguid : Untagging socket 168 failed errno=-22
03-05 15:35:08.174  3753 20357 W NetworkManagementSocketTagger: untagSocket(168) failed with errno -22
03-05 15:35:08.174  3753 20357 I qtaguid : Untagging socket 168 failed errno=-22
03-05 15:35:08.174  3753 20357 W NetworkManagementSocketTagger: untagSocket(168) failed with errno -22
03-05 15:35:08.174  3753 20357 I qtaguid : Untagging socket 168 failed errno=-22
03-05 15:35:08.174  3753 20357 W NetworkManagementSocketTagger: untagSocket(168) failed with errno -22
03-05 15:35:08.174  3753 20357 I qtaguid : Untagging socket 168 failed errno=-22
03-05 15:35:08.174  3753 20357 W NetworkManagementSocketTagger: untagSocket(168) failed with errno -22
03-05 15:35:08.174  3753 20357 I qtaguid : Untagging socket 168 failed errno=-22
03-05 15:35:08.174  3753 20357 W NetworkManagementSocketTagger: untagSocket(168) failed with errno -22
03-05 15:35:08.174  3753 20357 I qtaguid : Untagging socket 168 failed errno=-22
03-05 15:35:08.174  3753 20357 W NetworkManagementSocketTagger: untagSocket(168) failed with errno -22
03-05 15:35:08.174  3753 20357 I qtaguid : Untagging socket 168 failed errno=-22
03-05 15:35:08.174  3753 20357 W NetworkManagementSocketTagger: untagSocket(168) failed with errno -22
03-05 15:35:08.174  3753 20357 I qtaguid : Untagging socket 168 failed errno=-22
03-05 15:35:08.174  3753 20357 W NetworkManagementSocketTagger: untagSocket(168) failed with errno -22
03-05 15:35:08.174  3753 20357 I qtaguid : Untagging socket 168 failed errno=-22
03-05 15:35:08.174  3753 20357 W NetworkManagementSocketTagger: untagSocket(168) failed with errno -22
03-05 15:35:08.175  3753 20357 I qtaguid : Untagging socket 168 failed errno=-22
03-05 15:35:08.175  3753 20357 W NetworkManagementSocketTagger: untagSocket(168) failed with errno -22
03-05 15:35:08.175  3753 20357 I qtaguid : Untagging socket 168 failed errno=-22
03-05 15:35:08.175  3753 20357 W NetworkManagementSocketTagger: untagSocket(168) failed with errno -22
03-05 15:35:08.175  3753 20357 I qtaguid : Untagging socket 168 failed errno=-22
03-05 15:35:08.175  3753 20357 W NetworkManagementSocketTagger: untagSocket(168) failed with errno -22
03-05 15:35:08.175  3753 20357 I qtaguid : Untagging socket 168 failed errno=-22
03-05 15:35:08.175  3753 20357 W NetworkManagementSocketTagger: untagSocket(168) failed with errno -22
03-05 15:35:08.175  3753 20357 I qtaguid : Untagging socket 168 failed errno=-22
03-05 15:35:08.175  3753 20357 W NetworkManagementSocketTagger: untagSocket(168) failed with errno -22
03-05 15:35:08.175  3753 20357 I qtaguid : Untagging socket 168 failed errno=-22
03-05 15:35:08.175  3753 20357 W NetworkManagementSocketTagger: untagSocket(168) failed with errno -22
03-05 15:35:08.175  3753 20357 I qtaguid : Untagging socket 168 failed errno=-22
03-05 15:35:08.175  3753 20357 W NetworkManagementSocketTagger: untagSocket(168) failed with errno -22
03-05 15:35:08.175  3753 20357 I qtaguid : Untagging socket 168 failed errno=-22
03-05 15:35:08.175  3753 20357 W NetworkManagementSocketTagger: untagSocket(168) failed with errno -22
03-05 15:35:08.175  3753 20357 I qtaguid : Untagging socket 168 failed errno=-22
03-05 15:35:08.175  3753 20357 W NetworkManagementSocketTagger: untagSocket(168) failed with errno -22
03-05 15:35:08.175  3753 20357 I qtaguid : Untagging socket 168 failed errno=-22
03-05 15:35:08.175  3753 20357 W NetworkManagementSocketTagger: untagSocket(168) failed with errno -22
03-05 15:35:08.175  3753 20357 I qtaguid : Untagging socket 168 failed errno=-22
03-05 15:35:08.175  3753 20357 W NetworkManagementSocketTagger: untagSocket(168) failed with errno -22
03-05 15:35:08.175  3753 20357 I qtaguid : Untagging socket 168 failed errno=-22
03-05 15:35:08.175  3753 20357 W NetworkManagementSocketTagger: untagSocket(168) failed with errno -22
03-05 15:35:08.176  3753 20357 I qtaguid : Untagging socket 168 failed errno=-22
03-05 15:35:08.176  3753 20357 W NetworkManagementSocketTagger: untagSocket(168) failed with errno -22
03-05 15:35:08.176  3753 20357 I qtaguid : Untagging socket 168 failed errno=-22
03-05 15:35:08.176  3753 20357 W NetworkManagementSocketTagger: untagSocket(168) failed with errno -22
03-05 15:35:08.176  3753 20357 I qtaguid : Untagging socket 168 failed errno=-22
03-05 15:35:08.176  3753 20357 W NetworkManagementSocketTagger: untagSocket(168) failed with errno -22
03-05 15:35:08.176  3753 20357 I qtaguid : Untagging socket 168 failed errno=-22
03-05 15:35:08.176  3753 20357 W NetworkManagementSocketTagger: untagSocket(168) failed with errno -22
03-05 15:35:08.176  3753 20357 I qtaguid : Untagging socket 168 failed errno=-22
03-05 15:35:08.176  3753 20357 W NetworkManagementSocketTagger: untagSocket(168) failed with errno -22
03-05 15:35:08.176  3753 20357 I qtaguid : Untagging socket 168 failed errno=-22
03-05 15:35:08.176  3753 20357 W NetworkManagementSocketTagger: untagSocket(168) failed with errno -22
03-05 15:35:08.176  3753 20357 I qtaguid : Untagging socket 168 failed errno=-22
03-05 15:35:08.176  3753 20357 W NetworkManagementSocketTagger: untagSocket(168) failed with errno -22
03-05 15:35:08.176  3753 20357 I qtaguid : Untagging socket 168 failed errno=-22
03-05 15:35:08.176  3753 20357 W NetworkManagementSocketTagger: untagSocket(168) failed with errno -22
03-05 15:35:08.176  3753 20357 I qtaguid : Untagging socket 168 failed errno=-22
03-05 15:35:08.176  3753 20357 W NetworkManagementSocketTagger: untagSocket(168) failed with errno -22
03-05 15:35:08.176  3753 20357 I qtaguid : Untagging socket 168 failed errno=-22
03-05 15:35:08.176  3753 20357 W NetworkManagementSocketTagger: untagSocket(168) failed with errno -22
03-05 15:35:08.176  3753 20357 I qtaguid : Untagging socket 168 failed errno=-22
03-05 15:35:08.177  3753 20357 W NetworkManagementSocketTagger: untagSocket(168) failed with errno -22
03-05 15:35:08.177  3753 20357 I qtaguid : Untagging socket 168 failed errno=-22
03-05 15:35:08.177  3753 20357 W NetworkManagementSocketTagger: untagSocket(168) failed with errno -22
03-05 15:35:08.177  3753 20357 I qtaguid : Untagging socket 168 failed errno=-22
03-05 15:35:08.177  3753 20357 W NetworkManagementSocketTagger: untagSocket(168) failed with errno -22
03-05 15:35:08.178  1862  2275 W IpManager.wlan0: RunningState:: msg what = 8
03-05 15:35:08.190 15784 15809 I Finsky  : [1009] com.google.android.finsky.bo.an.run(6): Stats for Executor: InstallQueueDatabaseManager com.google.android.finsky.bo.ao@7461ef5[Running, pool size = 0, active threads = 0, queued tasks = 0, completed tasks = 1]
03-05 15:35:08.220  1862  3717 W WindowManager: [updateSystemBarsFlagsIfNeeded] SettingNotFoundException: mirrorlink_state
03-05 15:35:08.251 20868 20868 E Typeface: Error mapping font file /system/fonts/LGAka_Light.ttf
03-05 15:35:08.251 20868 20868 E Minikin : Could not get cmap table size!
03-05 15:35:08.251 20868 20868 E Typeface: Unable to load Family: lg-lgaka:null
03-05 15:35:08.252 20868 20868 I HyLog   : I : FontManager creation successful.
03-05 15:35:08.254 20868 20868 I HyLog   : I : Add Embedded Font Family( default_roboto ), FullPath( /system/fonts/Roboto-Regular.ttf )
03-05 15:35:08.254 20868 20868 I Typeface: Add Embedded Font (0) : default_roboto, /system/fonts/Roboto-Regular.ttf loaded.
03-05 15:35:08.256 20868 20868 I HyLog   : I : Add Embedded Font Family( lgsm ), FullPath( /system/fonts/LGSmHa_Regular.ttf )
03-05 15:35:08.256 20868 20868 I Typeface: Add Embedded Font (1) : lgsm, /system/fonts/LGSmHa_Regular.ttf loaded.
03-05 15:35:08.258 20868 20868 I HyLog   : I : Add Embedded Font Family( lgkindgothic ), FullPath( /system/fonts/HYKindGothic_Regular.ttf )
03-05 15:35:08.258 20868 20868 I Typeface: Add Embedded Font (2) : lgkindgothic, /system/fonts/HYKindGothic_Regular.ttf loaded.
03-05 15:35:08.259 20868 20868 I HyLog   : I : Add Embedded Font Family( lgfriend ), FullPath( /system/fonts/HYFriend_Regular.ttf )
03-05 15:35:08.259 20868 20868 I Typeface: Add Embedded Font (3) : lgfriend, /system/fonts/HYFriend_Regular.ttf loaded.
03-05 15:35:08.261 20868 20868 I HyLog   : I : Add Embedded Font Family( lgtravel ), FullPath( /system/fonts/HYTravel_Regular.ttf )
03-05 15:35:08.261 20868 20868 I Typeface: Add Embedded Font (4) : lgtravel, /system/fonts/HYTravel_Regular.ttf loaded.
03-05 15:35:08.262 20868 20868 I HyLog   : I : Add Embedded Font Family( lgyoyo ), FullPath( /system/fonts/HYYoyo_Regular.ttf )
03-05 15:35:08.262 20868 20868 I Typeface: Add Embedded Font (5) : lgyoyo, /system/fonts/HYYoyo_Regular.ttf loaded.
03-05 15:35:08.262 20868 20868 I Typeface: Boot DefaultTypeface ( default_roboto )
03-05 15:35:08.273 20868 20868 I cr_ChildProcessService: Creating new ChildProcessService pid=20868
03-05 15:35:08.276 20868 20868 E WebViewFactory: can't load with relro file; address space not reserved
03-05 15:35:08.288 15417 20887 W ContextImpl: Calling a method in the system process without a qualified user: android.app.ContextImpl.sendBroadcast:951 android.content.ContextWrapper.sendBroadcast:431 com.lge.ia.task.smartcare.qhelp.QHelpAPI.sendResultIntentToQHelp:84 com.lge.ia.task.smartcare.qhelp.QHelpAPI.performQHelpOperationAfterDiagnosis:64 com.lge.ia.task.smartcare.SmartCareTask.onProcessIntentSyncSubUserPresent:960 
03-05 15:35:08.292 20868 20897 I cr_LibraryLoader: Time to load native libraries: 0 ms (timestamps 5476-5476)
03-05 15:35:08.293 20868 20897 I chromium: [INFO:library_loader_hooks.cc(36)] Chromium logging enabled: level = 0, default verbosity = 0
03-05 15:35:08.293 20868 20897 I cr_LibraryLoader: Expected native library version number "71.0.3578.99", actual native library version number "71.0.3578.99"
03-05 15:35:08.294 15950 15950 I QHelpReceiver: onReceive() action = com.lge.smartcare.qhelp.cardresult
03-05 15:35:08.294 15417 20887 W ContextImpl: Calling a method in the system process without a qualified user: android.app.ContextImpl.sendBroadcast:951 android.content.ContextWrapper.sendBroadcast:431 com.lge.ia.task.smartcare.SmartCareTask.sendRuntimeDiagnosisResult:1236 com.lge.ia.task.smartcare.SmartCareTask.onProcessIntentSyncSubUserPresent:974 com.lge.ia.task.smartcare.SmartCareTask.onProcessIntentSync:888 
03-05 15:35:08.304  8396  8396 W ContextImpl: Calling a method in the system process without a qualified user: android.app.ContextImpl.startService:1461 android.content.ContextWrapper.startService:644 android.content.ContextWrapper.startService:644 com.lge.phonemanagement.diagnose.RegularDiagnosisReceiver.startRuntimeDiagnosis:209 com.lge.phonemanagement.diagnose.RegularDiagnosisReceiver.performRuntimeDiagnosis:197 
03-05 15:35:08.305 15417 15417 W ContextImpl: Calling a method in the system process without a qualified user: android.app.ContextImpl.stopService:1473 android.content.ContextWrapper.stopService:654 com.lge.ia.manager.remote.LIARemoteManager.onAllSessionFinished:89 com.lge.ia.manager.session.LocalSessionManager.onTaskSessionFinished:116 com.lge.ia.manager.session.TaskContext.onAppSessionFinished:121 
03-05 15:35:08.309 15417 15417 W ContextImpl: Calling a method in the system process without a qualified user: android.app.ContextImpl.stopService:1473 android.content.ContextWrapper.stopService:654 com.lge.ia.connection.ConnectionProxy.tryStopService:167 com.lge.ia.ConnectionProxyHandler.close:157 com.lge.ia.LIAServiceBase.finish:383 
03-05 15:35:08.310  7723  7736 I AppUp4:UpdateCenter:UpdateCenterCP: query : start selecting data
03-05 15:35:08.310  7723  7736 I AppUp4:UpdateCenter:UpdateCenterCP: query : setTables table_badge
03-05 15:35:08.310  7723  7736 I AppUp4:UpdateCenter:UpdateCenterCP: query : query before 
03-05 15:35:08.310  7723  7736 I AppUp4:UpdateCenter:UpdateCenterCP: query : query after 
03-05 15:35:08.312 15417 15417 I LIA_SDK_V0.8.34_LogCore: LIA Log Close() - prefix : LIA_SDK_V0.8.34_
03-05 15:35:08.312 15417 15417 I LIA_LogCore: LIA Log Close() - set context to null!!
03-05 15:35:08.321  1862  1880 W WindowManager: [updateSystemBarsFlagsIfNeeded] SettingNotFoundException: mirrorlink_state
03-05 15:35:08.717  1331  1372 I GBMv2   : GBM state [6]
03-05 15:35:08.717  1331  1372 E GBMv2   : FPS Scaler: EXP
